127.0.0.1 - - [24/Feb/2022:23:13:16 +0800] "PUT /nacos/v1/ns/instance/beat?beat=%7B%22cluster%22%3A%22DEFAULT%22%2C%22ip%22%3A%22192.168.69.129%22%2C%22metadata%22%3A%7B%22preserved.register.source%22%3A%22SPRING_CLOUD%22%7D%2C%22period%22%3A5000%2C%22port%22%3A10001%2C%22scheduled%22%3Afalse%2C%22serviceName%22%3A%22DEFAULT_GROUP%40%40gulimall-product%22%2C%22stopped%22%3Afalse%2C%22weight%22%3A1.0%7D&serviceName=DEFAULT_GROUP%40%40gulimall-product&encoding=UTF-8&namespaceId=public HTTP/1.1" 200 75 2 Nacos-Java-Client:v1.1.1 -
127.0.0.1 - - [24/Feb/2022:23:13:16 +0800] "PUT /nacos/v1/ns/instance/beat?app=renren-fast&namespaceId=public&port=8080&clusterName=DEFAULT&ip=192.168.69.129&serviceName=DEFAULT_GROUP%40%40renren-fast&encoding=UTF-8 HTTP/1.1" 200 75 7 Nacos-Java-Client:v1.2.1 -
127.0.0.1 - - [24/Feb/2022:23:13:21 +0800] "PUT /nacos/v1/ns/instance/beat?beat=%7B%22cluster%22%3A%22DEFAULT%22%2C%22ip%22%3A%22192.168.69.129%22%2C%22metadata%22%3A%7B%22preserved.register.source%22%3A%22SPRING_CLOUD%22%7D%2C%22period%22%3A5000%2C%22port%22%3A10001%2C%22scheduled%22%3Afalse%2C%22serviceName%22%3A%22DEFAULT_GROUP%40%40gulimall-product%22%2C%22stopped%22%3Afalse%2C%22weight%22%3A1.0%7D&serviceName=DEFAULT_GROUP%40%40gulimall-product&encoding=UTF-8&namespaceId=public HTTP/1.1" 200 75 2 Nacos-Java-Client:v1.1.1 -
127.0.0.1 - - [24/Feb/2022:23:13:21 +0800] "PUT /nacos/v1/ns/instance/beat?app=renren-fast&namespaceId=public&port=8080&clusterName=DEFAULT&ip=192.168.69.129&serviceName=DEFAULT_GROUP%40%40renren-fast&encoding=UTF-8 HTTP/1.1" 200 75 1 Nacos-Java-Client:v1.2.1 -
127.0.0.1 - - [24/Feb/2022:23:13:26 +0800] "PUT /nacos/v1/ns/instance/beat?beat=%7B%22cluster%22%3A%22DEFAULT%22%2C%22ip%22%3A%22192.168.69.129%22%2C%22metadata%22%3A%7B%22preserved.register.source%22%3A%22SPRING_CLOUD%22%7D%2C%22period%22%3A5000%2C%22port%22%3A10001%2C%22scheduled%22%3Afalse%2C%22serviceName%22%3A%22DEFAULT_GROUP%40%40gulimall-product%22%2C%22stopped%22%3Afalse%2C%22weight%22%3A1.0%7D&serviceName=DEFAULT_GROUP%40%40gulimall-product&encoding=UTF-8&namespaceId=public HTTP/1.1" 200 75 5 Nacos-Java-Client:v1.1.1 -
127.0.0.1 - - [24/Feb/2022:23:13:26 +0800] "PUT /nacos/v1/ns/instance/beat?app=renren-fast&namespaceId=public&port=8080&clusterName=DEFAULT&ip=192.168.69.129&serviceName=DEFAULT_GROUP%40%40renren-fast&encoding=UTF-8 HTTP/1.1" 200 75 1 Nacos-Java-Client:v1.2.1 -
127.0.0.1 - - [24/Feb/2022:23:13:31 +0800] "PUT /nacos/v1/ns/instance/beat?beat=%7B%22cluster%22%3A%22DEFAULT%22%2C%22ip%22%3A%22192.168.69.129%22%2C%22metadata%22%3A%7B%22preserved.register.source%22%3A%22SPRING_CLOUD%22%7D%2C%22period%22%3A5000%2C%22port%22%3A10001%2C%22scheduled%22%3Afalse%2C%22serviceName%22%3A%22DEFAULT_GROUP%40%40gulimall-product%22%2C%22stopped%22%3Afalse%2C%22weight%22%3A1.0%7D&serviceName=DEFAULT_GROUP%40%40gulimall-product&encoding=UTF-8&namespaceId=public HTTP/1.1" 200 75 2 Nacos-Java-Client:v1.1.1 -
127.0.0.1 - - [24/Feb/2022:23:13:31 +0800] "PUT /nacos/v1/ns/instance/beat?app=renren-fast&namespaceId=public&port=8080&clusterName=DEFAULT&ip=192.168.69.129&serviceName=DEFAULT_GROUP%40%40renren-fast&encoding=UTF-8 HTTP/1.1" 200 75 1 Nacos-Java-Client:v1.2.1 -
127.0.0.1 - - [24/Feb/2022:23:13:35 +0800] "POST /nacos/v1/cs/configs/listener HTTP/1.1" 200 - 29509 Java/1.8.0_271 -
127.0.0.1 - - [24/Feb/2022:23:13:36 +0800] "PUT /nacos/v1/ns/instance/beat?beat=%7B%22cluster%22%3A%22DEFAULT%22%2C%22ip%22%3A%22192.168.69.129%22%2C%22metadata%22%3A%7B%22preserved.register.source%22%3A%22SPRING_CLOUD%22%7D%2C%22period%22%3A5000%2C%22port%22%3A10001%2C%22scheduled%22%3Afalse%2C%22serviceName%22%3A%22DEFAULT_GROUP%40%40gulimall-product%22%2C%22stopped%22%3Afalse%2C%22weight%22%3A1.0%7D&serviceName=DEFAULT_GROUP%40%40gulimall-product&encoding=UTF-8&namespaceId=public HTTP/1.1" 200 75 8 Nacos-Java-Client:v1.1.1 -
127.0.0.1 - - [24/Feb/2022:23:13:36 +0800] "PUT /nacos/v1/ns/instance/beat?app=renren-fast&namespaceId=public&port=8080&clusterName=DEFAULT&ip=192.168.69.129&serviceName=DEFAULT_GROUP%40%40renren-fast&encoding=UTF-8 HTTP/1.1" 200 75 2 Nacos-Java-Client:v1.2.1 -
127.0.0.1 - - [24/Feb/2022:23:13:41 +0800] "PUT /nacos/v1/ns/instance/beat?beat=%7B%22cluster%22%3A%22DEFAULT%22%2C%22ip%22%3A%22192.168.69.129%22%2C%22metadata%22%3A%7B%22preserved.register.source%22%3A%22SPRING_CLOUD%22%7D%2C%22period%22%3A5000%2C%22port%22%3A10001%2C%22scheduled%22%3Afalse%2C%22serviceName%22%3A%22DEFAULT_GROUP%40%40gulimall-product%22%2C%22stopped%22%3Afalse%2C%22weight%22%3A1.0%7D&serviceName=DEFAULT_GROUP%40%40gulimall-product&encoding=UTF-8&namespaceId=public HTTP/1.1" 200 75 2 Nacos-Java-Client:v1.1.1 -
127.0.0.1 - - [24/Feb/2022:23:13:41 +0800] "PUT /nacos/v1/ns/instance/beat?app=renren-fast&namespaceId=public&port=8080&clusterName=DEFAULT&ip=192.168.69.129&serviceName=DEFAULT_GROUP%40%40renren-fast&encoding=UTF-8 HTTP/1.1" 200 75 1 Nacos-Java-Client:v1.2.1 -
127.0.0.1 - - [24/Feb/2022:23:13:46 +0800] "PUT /nacos/v1/ns/instance/beat?beat=%7B%22cluster%22%3A%22DEFAULT%22%2C%22ip%22%3A%22192.168.69.129%22%2C%22metadata%22%3A%7B%22preserved.register.source%22%3A%22SPRING_CLOUD%22%7D%2C%22period%22%3A5000%2C%22port%22%3A10001%2C%22scheduled%22%3Afalse%2C%22serviceName%22%3A%22DEFAULT_GROUP%40%40gulimall-product%22%2C%22stopped%22%3Afalse%2C%22weight%22%3A1.0%7D&serviceName=DEFAULT_GROUP%40%40gulimall-product&encoding=UTF-8&namespaceId=public HTTP/1.1" 200 75 2 Nacos-Java-Client:v1.1.1 -
127.0.0.1 - - [24/Feb/2022:23:13:46 +0800] "PUT /nacos/v1/ns/instance/beat?app=renren-fast&namespaceId=public&port=8080&clusterName=DEFAULT&ip=192.168.69.129&serviceName=DEFAULT_GROUP%40%40renren-fast&encoding=UTF-8 HTTP/1.1" 200 75 2 Nacos-Java-Client:v1.2.1 -
127.0.0.1 - - [24/Feb/2022:23:13:51 +0800] "PUT /nacos/v1/ns/instance/beat?beat=%7B%22cluster%22%3A%22DEFAULT%22%2C%22ip%22%3A%22192.168.69.129%22%2C%22metadata%22%3A%7B%22preserved.register.source%22%3A%22SPRING_CLOUD%22%7D%2C%22period%22%3A5000%2C%22port%22%3A10001%2C%22scheduled%22%3Afalse%2C%22serviceName%22%3A%22DEFAULT_GROUP%40%40gulimall-product%22%2C%22stopped%22%3Afalse%2C%22weight%22%3A1.0%7D&serviceName=DEFAULT_GROUP%40%40gulimall-product&encoding=UTF-8&namespaceId=public HTTP/1.1" 200 75 3 Nacos-Java-Client:v1.1.1 -
127.0.0.1 - - [24/Feb/2022:23:13:51 +0800] "PUT /nacos/v1/ns/instance/beat?app=renren-fast&namespaceId=public&port=8080&clusterName=DEFAULT&ip=192.168.69.129&serviceName=DEFAULT_GROUP%40%40renren-fast&encoding=UTF-8 HTTP/1.1" 200 75 1 Nacos-Java-Client:v1.2.1 -
127.0.0.1 - - [24/Feb/2022:23:13:56 +0800] "PUT /nacos/v1/ns/instance/beat?beat=%7B%22cluster%22%3A%22DEFAULT%22%2C%22ip%22%3A%22192.168.69.129%22%2C%22metadata%22%3A%7B%22preserved.register.source%22%3A%22SPRING_CLOUD%22%7D%2C%22period%22%3A5000%2C%22port%22%3A10001%2C%22scheduled%22%3Afalse%2C%22serviceName%22%3A%22DEFAULT_GROUP%40%40gulimall-product%22%2C%22stopped%22%3Afalse%2C%22weight%22%3A1.0%7D&serviceName=DEFAULT_GROUP%40%40gulimall-product&encoding=UTF-8&namespaceId=public HTTP/1.1" 200 75 4 Nacos-Java-Client:v1.1.1 -
127.0.0.1 - - [24/Feb/2022:23:13:56 +0800] "PUT /nacos/v1/ns/instance/beat?app=renren-fast&namespaceId=public&port=8080&clusterName=DEFAULT&ip=192.168.69.129&serviceName=DEFAULT_GROUP%40%40renren-fast&encoding=UTF-8 HTTP/1.1" 200 75 1 Nacos-Java-Client:v1.2.1 -
127.0.0.1 - - [24/Feb/2022:23:14:01 +0800] "PUT /nacos/v1/ns/instance/beat?beat=%7B%22cluster%22%3A%22DEFAULT%22%2C%22ip%22%3A%22192.168.69.129%22%2C%22metadata%22%3A%7B%22preserved.register.source%22%3A%22SPRING_CLOUD%22%7D%2C%22period%22%3A5000%2C%22port%22%3A10001%2C%22scheduled%22%3Afalse%2C%22serviceName%22%3A%22DEFAULT_GROUP%40%40gulimall-product%22%2C%22stopped%22%3Afalse%2C%22weight%22%3A1.0%7D&serviceName=DEFAULT_GROUP%40%40gulimall-product&encoding=UTF-8&namespaceId=public HTTP/1.1" 200 75 2 Nacos-Java-Client:v1.1.1 -
127.0.0.1 - - [24/Feb/2022:23:14:01 +0800] "PUT /nacos/v1/ns/instance/beat?app=renren-fast&namespaceId=public&port=8080&clusterName=DEFAULT&ip=192.168.69.129&serviceName=DEFAULT_GROUP%40%40renren-fast&encoding=UTF-8 HTTP/1.1" 200 75 2 Nacos-Java-Client:v1.2.1 -
127.0.0.1 - - [24/Feb/2022:23:14:04 +0800] "POST /nacos/v1/cs/configs/listener HTTP/1.1" 200 - 29507 Java/1.8.0_271 -
127.0.0.1 - - [24/Feb/2022:23:14:06 +0800] "PUT /nacos/v1/ns/instance/beat?beat=%7B%22cluster%22%3A%22DEFAULT%22%2C%22ip%22%3A%22192.168.69.129%22%2C%22metadata%22%3A%7B%22preserved.register.source%22%3A%22SPRING_CLOUD%22%7D%2C%22period%22%3A5000%2C%22port%22%3A10001%2C%22scheduled%22%3Afalse%2C%22serviceName%22%3A%22DEFAULT_GROUP%40%40gulimall-product%22%2C%22stopped%22%3Afalse%2C%22weight%22%3A1.0%7D&serviceName=DEFAULT_GROUP%40%40gulimall-product&encoding=UTF-8&namespaceId=public HTTP/1.1" 200 75 3 Nacos-Java-Client:v1.1.1 -
127.0.0.1 - - [24/Feb/2022:23:14:06 +0800] "PUT /nacos/v1/ns/instance/beat?app=renren-fast&namespaceId=public&port=8080&clusterName=DEFAULT&ip=192.168.69.129&serviceName=DEFAULT_GROUP%40%40renren-fast&encoding=UTF-8 HTTP/1.1" 200 75 2 Nacos-Java-Client:v1.2.1 -
127.0.0.1 - - [24/Feb/2022:23:14:11 +0800] "PUT /nacos/v1/ns/instance/beat?beat=%7B%22cluster%22%3A%22DEFAULT%22%2C%22ip%22%3A%22192.168.69.129%22%2C%22metadata%22%3A%7B%22preserved.register.source%22%3A%22SPRING_CLOUD%22%7D%2C%22period%22%3A5000%2C%22port%22%3A10001%2C%22scheduled%22%3Afalse%2C%22serviceName%22%3A%22DEFAULT_GROUP%40%40gulimall-product%22%2C%22stopped%22%3Afalse%2C%22weight%22%3A1.0%7D&serviceName=DEFAULT_GROUP%40%40gulimall-product&encoding=UTF-8&namespaceId=public HTTP/1.1" 200 75 3 Nacos-Java-Client:v1.1.1 -
127.0.0.1 - - [24/Feb/2022:23:14:11 +0800] "PUT /nacos/v1/ns/instance/beat?app=renren-fast&namespaceId=public&port=8080&clusterName=DEFAULT&ip=192.168.69.129&serviceName=DEFAULT_GROUP%40%40renren-fast&encoding=UTF-8 HTTP/1.1" 200 75 2 Nacos-Java-Client:v1.2.1 -
127.0.0.1 - - [24/Feb/2022:23:14:14 +0800] "GET /nacos/v1/cs/configs?dataId=&group=&appName=&config_tags=&pageNo=1&pageSize=10&tenant=&search=accurate&accessToken=eyJhbGciOiJIUzI1NiJ9.eyJzdWIiOiJuYWNvcyIsImV4cCI6MTY0MDYxMDAwMH0.uVht356DZWDpBAfOrbEEjTLLrD1svv8g9xcQ3RIfLsc HTTP/1.1" 200 259 7 Mozilla/5.0 (Windows NT 10.0; Win64; x64; rv:97.0) Gecko/20100101 Firefox/97.0 -
127.0.0.1 - - [24/Feb/2022:23:14:16 +0800] "PUT /nacos/v1/ns/instance/beat?beat=%7B%22cluster%22%3A%22DEFAULT%22%2C%22ip%22%3A%22192.168.69.129%22%2C%22metadata%22%3A%7B%22preserved.register.source%22%3A%22SPRING_CLOUD%22%7D%2C%22period%22%3A5000%2C%22port%22%3A10001%2C%22scheduled%22%3Afalse%2C%22serviceName%22%3A%22DEFAULT_GROUP%40%40gulimall-product%22%2C%22stopped%22%3Afalse%2C%22weight%22%3A1.0%7D&serviceName=DEFAULT_GROUP%40%40gulimall-product&encoding=UTF-8&namespaceId=public HTTP/1.1" 200 75 2 Nacos-Java-Client:v1.1.1 -
127.0.0.1 - - [24/Feb/2022:23:14:16 +0800] "GET /nacos/v1/cs/configs?dataId=&group=&appName=&config_tags=&pageNo=1&pageSize=10&tenant=0d5b02e8-6a81-44fd-b682-ce481a345736&search=accurate&accessToken=eyJhbGciOiJIUzI1NiJ9.eyJzdWIiOiJuYWNvcyIsImV4cCI6MTY0MDYxMDAwMH0.uVht356DZWDpBAfOrbEEjTLLrD1svv8g9xcQ3RIfLsc HTTP/1.1" 200 1755 5 Mozilla/5.0 (Windows NT 10.0; Win64; x64; rv:97.0) Gecko/20100101 Firefox/97.0 -
127.0.0.1 - - [24/Feb/2022:23:14:16 +0800] "PUT /nacos/v1/ns/instance/beat?app=renren-fast&namespaceId=public&port=8080&clusterName=DEFAULT&ip=192.168.69.129&serviceName=DEFAULT_GROUP%40%40renren-fast&encoding=UTF-8 HTTP/1.1" 200 75 3 Nacos-Java-Client:v1.2.1 -
127.0.0.1 - - [24/Feb/2022:23:14:20 +0800] "GET /nacos/v1/console/namespaces?&accessToken=eyJhbGciOiJIUzI1NiJ9.eyJzdWIiOiJuYWNvcyIsImV4cCI6MTY0MDYxMDAwMH0.uVht356DZWDpBAfOrbEEjTLLrD1svv8g9xcQ3RIfLsc&namespaceId=0d5b02e8-6a81-44fd-b682-ce481a345736 HTTP/1.1" 200 1084 5 Mozilla/5.0 (Windows NT 10.0; Win64; x64; rv:97.0) Gecko/20100101 Firefox/97.0 -
127.0.0.1 - - [24/Feb/2022:23:14:21 +0800] "GET /nacos/v1/cs/configs?show=all&dataId=datasource.yml&group=dev&tenant=0d5b02e8-6a81-44fd-b682-ce481a345736&accessToken=eyJhbGciOiJIUzI1NiJ9.eyJzdWIiOiJuYWNvcyIsImV4cCI6MTY0MDYxMDAwMH0.uVht356DZWDpBAfOrbEEjTLLrD1svv8g9xcQ3RIfLsc&namespaceId=0d5b02e8-6a81-44fd-b682-ce481a345736 HTTP/1.1" 200 603 219 Mozilla/5.0 (Windows NT 10.0; Win64; x64; rv:97.0) Gecko/20100101 Firefox/97.0 -
127.0.0.1 - - [24/Feb/2022:23:14:21 +0800] "PUT /nacos/v1/ns/instance/beat?beat=%7B%22cluster%22%3A%22DEFAULT%22%2C%22ip%22%3A%22192.168.69.129%22%2C%22metadata%22%3A%7B%22preserved.register.source%22%3A%22SPRING_CLOUD%22%7D%2C%22period%22%3A5000%2C%22port%22%3A10001%2C%22scheduled%22%3Afalse%2C%22serviceName%22%3A%22DEFAULT_GROUP%40%40gulimall-product%22%2C%22stopped%22%3Afalse%2C%22weight%22%3A1.0%7D&serviceName=DEFAULT_GROUP%40%40gulimall-product&encoding=UTF-8&namespaceId=public HTTP/1.1" 200 75 4 Nacos-Java-Client:v1.1.1 -
127.0.0.1 - - [24/Feb/2022:23:14:21 +0800] "PUT /nacos/v1/ns/instance/beat?app=renren-fast&namespaceId=public&port=8080&clusterName=DEFAULT&ip=192.168.69.129&serviceName=DEFAULT_GROUP%40%40renren-fast&encoding=UTF-8 HTTP/1.1" 200 75 3 Nacos-Java-Client:v1.2.1 -
127.0.0.1 - - [24/Feb/2022:23:14:24 +0800] "GET /nacos/v1/cs/configs?dataId=&group=&appName=&config_tags=&pageNo=1&pageSize=10&tenant=0d5b02e8-6a81-44fd-b682-ce481a345736&search=accurate&accessToken=eyJhbGciOiJIUzI1NiJ9.eyJzdWIiOiJuYWNvcyIsImV4cCI6MTY0MDYxMDAwMH0.uVht356DZWDpBAfOrbEEjTLLrD1svv8g9xcQ3RIfLsc HTTP/1.1" 200 1755 7 Mozilla/5.0 (Windows NT 10.0; Win64; x64; rv:97.0) Gecko/20100101 Firefox/97.0 -
127.0.0.1 - - [24/Feb/2022:23:14:26 +0800] "PUT /nacos/v1/ns/instance/beat?beat=%7B%22cluster%22%3A%22DEFAULT%22%2C%22ip%22%3A%22192.168.69.129%22%2C%22metadata%22%3A%7B%22preserved.register.source%22%3A%22SPRING_CLOUD%22%7D%2C%22period%22%3A5000%2C%22port%22%3A10001%2C%22scheduled%22%3Afalse%2C%22serviceName%22%3A%22DEFAULT_GROUP%40%40gulimall-product%22%2C%22stopped%22%3Afalse%2C%22weight%22%3A1.0%7D&serviceName=DEFAULT_GROUP%40%40gulimall-product&encoding=UTF-8&namespaceId=public HTTP/1.1" 200 75 3 Nacos-Java-Client:v1.1.1 -
127.0.0.1 - - [24/Feb/2022:23:14:26 +0800] "PUT /nacos/v1/ns/instance/beat?app=renren-fast&namespaceId=public&port=8080&clusterName=DEFAULT&ip=192.168.69.129&serviceName=DEFAULT_GROUP%40%40renren-fast&encoding=UTF-8 HTTP/1.1" 200 75 3 Nacos-Java-Client:v1.2.1 -
0:0:0:0:0:0:0:1 - - [24/Feb/2022:23:14:30 +0800] "GET /nacos/v1/console/namespaces?&accessToken=eyJhbGciOiJIUzI1NiJ9.eyJzdWIiOiJuYWNvcyIsImV4cCI6MTY0MTEyNDk2NH0.ykAq8WMVtQjCK8b9TbA5C0Ep3tQRLyWX-Ru7hnpCihM&namespaceId= HTTP/1.1" 200 1084 4 Mozilla/5.0 (Windows NT 10.0; Win64; x64) AppleWebKit/537.36 (KHTML, like Gecko) Chrome/98.0.4758.102 Safari/537.36 -
0:0:0:0:0:0:0:1 - - [24/Feb/2022:23:14:30 +0800] "GET /nacos/v1/console/server/state?accessToken=eyJhbGciOiJIUzI1NiJ9.eyJzdWIiOiJuYWNvcyIsImV4cCI6MTY0MTEyNDk2NH0.ykAq8WMVtQjCK8b9TbA5C0Ep3tQRLyWX-Ru7hnpCihM HTTP/1.1" 200 82 2 Mozilla/5.0 (Windows NT 10.0; Win64; x64) AppleWebKit/537.36 (KHTML, like Gecko) Chrome/98.0.4758.102 Safari/537.36 -
0:0:0:0:0:0:0:1 - - [24/Feb/2022:23:14:30 +0800] "GET /nacos/v1/ns/catalog/services?hasIpCount=true&withInstances=false&pageNo=1&pageSize=10&serviceNameParam=&groupNameParam=&accessToken=eyJhbGciOiJIUzI1NiJ9.eyJzdWIiOiJuYWNvcyIsImV4cCI6MTY0MTEyNDk2NH0.ykAq8WMVtQjCK8b9TbA5C0Ep3tQRLyWX-Ru7hnpCihM&namespaceId= HTTP/1.1" 200 298 2 Mozilla/5.0 (Windows NT 10.0; Win64; x64) AppleWebKit/537.36 (KHTML, like Gecko) Chrome/98.0.4758.102 Safari/537.36 -
127.0.0.1 - - [24/Feb/2022:23:14:31 +0800] "PUT /nacos/v1/ns/instance/beat?beat=%7B%22cluster%22%3A%22DEFAULT%22%2C%22ip%22%3A%22192.168.69.129%22%2C%22metadata%22%3A%7B%22preserved.register.source%22%3A%22SPRING_CLOUD%22%7D%2C%22period%22%3A5000%2C%22port%22%3A10001%2C%22scheduled%22%3Afalse%2C%22serviceName%22%3A%22DEFAULT_GROUP%40%40gulimall-product%22%2C%22stopped%22%3Afalse%2C%22weight%22%3A1.0%7D&serviceName=DEFAULT_GROUP%40%40gulimall-product&encoding=UTF-8&namespaceId=public HTTP/1.1" 200 75 3 Nacos-Java-Client:v1.1.1 -
127.0.0.1 - - [24/Feb/2022:23:14:31 +0800] "PUT /nacos/v1/ns/instance/beat?app=renren-fast&namespaceId=public&port=8080&clusterName=DEFAULT&ip=192.168.69.129&serviceName=DEFAULT_GROUP%40%40renren-fast&encoding=UTF-8 HTTP/1.1" 200 75 1 Nacos-Java-Client:v1.2.1 -
127.0.0.1 - - [24/Feb/2022:23:14:33 +0800] "GET /nacos/v1/ns/catalog/services?hasIpCount=true&withInstances=false&pageNo=1&pageSize=10&serviceNameParam=&groupNameParam=&accessToken=eyJhbGciOiJIUzI1NiJ9.eyJzdWIiOiJuYWNvcyIsImV4cCI6MTY0MDYxMDAwMH0.uVht356DZWDpBAfOrbEEjTLLrD1svv8g9xcQ3RIfLsc&namespaceId=0d5b02e8-6a81-44fd-b682-ce481a345736 HTTP/1.1" 200 39 4 Mozilla/5.0 (Windows NT 10.0; Win64; x64; rv:97.0) Gecko/20100101 Firefox/97.0 -
127.0.0.1 - - [24/Feb/2022:23:14:34 +0800] "POST /nacos/v1/cs/configs/listener HTTP/1.1" 200 - 29515 Java/1.8.0_271 -
127.0.0.1 - - [24/Feb/2022:23:14:34 +0800] "GET /nacos/v1/ns/catalog/services?hasIpCount=true&withInstances=false&pageNo=1&pageSize=10&serviceNameParam=&groupNameParam=&accessToken=eyJhbGciOiJIUzI1NiJ9.eyJzdWIiOiJuYWNvcyIsImV4cCI6MTY0MDYxMDAwMH0.uVht356DZWDpBAfOrbEEjTLLrD1svv8g9xcQ3RIfLsc&namespaceId= HTTP/1.1" 200 298 5 Mozilla/5.0 (Windows NT 10.0; Win64; x64; rv:97.0) Gecko/20100101 Firefox/97.0 -
127.0.0.1 - - [24/Feb/2022:23:14:36 +0800] "PUT /nacos/v1/ns/instance/beat?beat=%7B%22cluster%22%3A%22DEFAULT%22%2C%22ip%22%3A%22192.168.69.129%22%2C%22metadata%22%3A%7B%22preserved.register.source%22%3A%22SPRING_CLOUD%22%7D%2C%22period%22%3A5000%2C%22port%22%3A10001%2C%22scheduled%22%3Afalse%2C%22serviceName%22%3A%22DEFAULT_GROUP%40%40gulimall-product%22%2C%22stopped%22%3Afalse%2C%22weight%22%3A1.0%7D&serviceName=DEFAULT_GROUP%40%40gulimall-product&encoding=UTF-8&namespaceId=public HTTP/1.1" 200 75 2 Nacos-Java-Client:v1.1.1 -
127.0.0.1 - - [24/Feb/2022:23:14:36 +0800] "PUT /nacos/v1/ns/instance/beat?app=renren-fast&namespaceId=public&port=8080&clusterName=DEFAULT&ip=192.168.69.129&serviceName=DEFAULT_GROUP%40%40renren-fast&encoding=UTF-8 HTTP/1.1" 200 75 2 Nacos-Java-Client:v1.2.1 -
0:0:0:0:0:0:0:1 - - [24/Feb/2022:23:14:38 +0800] "GET /nacos/v1/console/namespaces?&accessToken=eyJhbGciOiJIUzI1NiJ9.eyJzdWIiOiJuYWNvcyIsImV4cCI6MTY0MTEyNDk2NH0.ykAq8WMVtQjCK8b9TbA5C0Ep3tQRLyWX-Ru7hnpCihM&namespaceId= HTTP/1.1" 200 1084 6 Mozilla/5.0 (Windows NT 10.0; Win64; x64) AppleWebKit/537.36 (KHTML, like Gecko) Chrome/98.0.4758.102 Safari/537.36 -
0:0:0:0:0:0:0:1 - - [24/Feb/2022:23:14:39 +0800] "GET /nacos/v1/console/server/state?accessToken=eyJhbGciOiJIUzI1NiJ9.eyJzdWIiOiJuYWNvcyIsImV4cCI6MTY0MTEyNDk2NH0.ykAq8WMVtQjCK8b9TbA5C0Ep3tQRLyWX-Ru7hnpCihM HTTP/1.1" 200 82 1 Mozilla/5.0 (Windows NT 10.0; Win64; x64) AppleWebKit/537.36 (KHTML, like Gecko) Chrome/98.0.4758.102 Safari/537.36 -
0:0:0:0:0:0:0:1 - - [24/Feb/2022:23:14:39 +0800] "GET /nacos/v1/cs/configs?dataId=&group=&appName=&config_tags=&pageNo=1&pageSize=10&tenant=0d5b02e8-6a81-44fd-b682-ce481a345736&search=accurate&accessToken=eyJhbGciOiJIUzI1NiJ9.eyJzdWIiOiJuYWNvcyIsImV4cCI6MTY0MTEyNDk2NH0.ykAq8WMVtQjCK8b9TbA5C0Ep3tQRLyWX-Ru7hnpCihM HTTP/1.1" 200 1755 6 Mozilla/5.0 (Windows NT 10.0; Win64; x64) AppleWebKit/537.36 (KHTML, like Gecko) Chrome/98.0.4758.102 Safari/537.36 -
127.0.0.1 - - [24/Feb/2022:23:14:41 +0800] "PUT /nacos/v1/ns/instance/beat?beat=%7B%22cluster%22%3A%22DEFAULT%22%2C%22ip%22%3A%22192.168.69.129%22%2C%22metadata%22%3A%7B%22preserved.register.source%22%3A%22SPRING_CLOUD%22%7D%2C%22period%22%3A5000%2C%22port%22%3A10001%2C%22scheduled%22%3Afalse%2C%22serviceName%22%3A%22DEFAULT_GROUP%40%40gulimall-product%22%2C%22stopped%22%3Afalse%2C%22weight%22%3A1.0%7D&serviceName=DEFAULT_GROUP%40%40gulimall-product&encoding=UTF-8&namespaceId=public HTTP/1.1" 200 75 1 Nacos-Java-Client:v1.1.1 -
127.0.0.1 - - [24/Feb/2022:23:14:41 +0800] "PUT /nacos/v1/ns/instance/beat?app=renren-fast&namespaceId=public&port=8080&clusterName=DEFAULT&ip=192.168.69.129&serviceName=DEFAULT_GROUP%40%40renren-fast&encoding=UTF-8 HTTP/1.1" 200 75 1 Nacos-Java-Client:v1.2.1 -
0:0:0:0:0:0:0:1 - - [24/Feb/2022:23:14:42 +0800] "GET /nacos/v1/ns/catalog/services?hasIpCount=true&withInstances=false&pageNo=1&pageSize=10&serviceNameParam=&groupNameParam=&accessToken=eyJhbGciOiJIUzI1NiJ9.eyJzdWIiOiJuYWNvcyIsImV4cCI6MTY0MTEyNDk2NH0.ykAq8WMVtQjCK8b9TbA5C0Ep3tQRLyWX-Ru7hnpCihM&namespaceId=0d5b02e8-6a81-44fd-b682-ce481a345736 HTTP/1.1" 200 39 1 Mozilla/5.0 (Windows NT 10.0; Win64; x64) AppleWebKit/537.36 (KHTML, like Gecko) Chrome/98.0.4758.102 Safari/537.36 -
0:0:0:0:0:0:0:1 - - [24/Feb/2022:23:14:44 +0800] "GET /nacos/v1/ns/catalog/services?hasIpCount=true&withInstances=false&pageNo=1&pageSize=10&serviceNameParam=&groupNameParam=&accessToken=eyJhbGciOiJIUzI1NiJ9.eyJzdWIiOiJuYWNvcyIsImV4cCI6MTY0MTEyNDk2NH0.ykAq8WMVtQjCK8b9TbA5C0Ep3tQRLyWX-Ru7hnpCihM&namespaceId= HTTP/1.1" 200 298 2 Mozilla/5.0 (Windows NT 10.0; Win64; x64) AppleWebKit/537.36 (KHTML, like Gecko) Chrome/98.0.4758.102 Safari/537.36 -
0:0:0:0:0:0:0:1 - - [24/Feb/2022:23:14:45 +0800] "GET /nacos/v1/cs/configs?dataId=&group=&appName=&config_tags=&pageNo=1&pageSize=10&tenant=0d5b02e8-6a81-44fd-b682-ce481a345736&search=accurate&accessToken=eyJhbGciOiJIUzI1NiJ9.eyJzdWIiOiJuYWNvcyIsImV4cCI6MTY0MTEyNDk2NH0.ykAq8WMVtQjCK8b9TbA5C0Ep3tQRLyWX-Ru7hnpCihM HTTP/1.1" 200 1755 3 Mozilla/5.0 (Windows NT 10.0; Win64; x64) AppleWebKit/537.36 (KHTML, like Gecko) Chrome/98.0.4758.102 Safari/537.36 -
127.0.0.1 - - [24/Feb/2022:23:14:46 +0800] "PUT /nacos/v1/ns/instance/beat?beat=%7B%22cluster%22%3A%22DEFAULT%22%2C%22ip%22%3A%22192.168.69.129%22%2C%22metadata%22%3A%7B%22preserved.register.source%22%3A%22SPRING_CLOUD%22%7D%2C%22period%22%3A5000%2C%22port%22%3A10001%2C%22scheduled%22%3Afalse%2C%22serviceName%22%3A%22DEFAULT_GROUP%40%40gulimall-product%22%2C%22stopped%22%3Afalse%2C%22weight%22%3A1.0%7D&serviceName=DEFAULT_GROUP%40%40gulimall-product&encoding=UTF-8&namespaceId=public HTTP/1.1" 200 75 2 Nacos-Java-Client:v1.1.1 -
127.0.0.1 - - [24/Feb/2022:23:14:46 +0800] "PUT /nacos/v1/ns/instance/beat?app=renren-fast&namespaceId=public&port=8080&clusterName=DEFAULT&ip=192.168.69.129&serviceName=DEFAULT_GROUP%40%40renren-fast&encoding=UTF-8 HTTP/1.1" 200 75 1 Nacos-Java-Client:v1.2.1 -
0:0:0:0:0:0:0:1 - - [24/Feb/2022:23:14:48 +0800] "GET /nacos/v1/cs/configs?dataId=datasource.yml&group=dev&namespaceId=0d5b02e8-6a81-44fd-b682-ce481a345736&tenant=0d5b02e8-6a81-44fd-b682-ce481a345736&beta=true&accessToken=eyJhbGciOiJIUzI1NiJ9.eyJzdWIiOiJuYWNvcyIsImV4cCI6MTY0MTEyNDk2NH0.ykAq8WMVtQjCK8b9TbA5C0Ep3tQRLyWX-Ru7hnpCihM HTTP/1.1" 200 60 13 Mozilla/5.0 (Windows NT 10.0; Win64; x64) AppleWebKit/537.36 (KHTML, like Gecko) Chrome/98.0.4758.102 Safari/537.36 -
0:0:0:0:0:0:0:1 - - [24/Feb/2022:23:14:48 +0800] "GET /nacos/v1/cs/configs?dataId=datasource.yml&group=dev&namespaceId=0d5b02e8-6a81-44fd-b682-ce481a345736&tenant=0d5b02e8-6a81-44fd-b682-ce481a345736&show=all&accessToken=eyJhbGciOiJIUzI1NiJ9.eyJzdWIiOiJuYWNvcyIsImV4cCI6MTY0MTEyNDk2NH0.ykAq8WMVtQjCK8b9TbA5C0Ep3tQRLyWX-Ru7hnpCihM HTTP/1.1" 200 603 3 Mozilla/5.0 (Windows NT 10.0; Win64; x64) AppleWebKit/537.36 (KHTML, like Gecko) Chrome/98.0.4758.102 Safari/537.36 -
192.168.69.129 - - [24/Feb/2022:23:14:49 +0800] "GET /nacos/v1/cs/communication/configWatchers?&dataId=datasource.yml&tenant=0d5b02e8-6a81-44fd-b682-ce481a345736&group=dev HTTP/1.1" 200 41 207 Java/1.8.0_271 -
0:0:0:0:0:0:0:1 - - [24/Feb/2022:23:14:49 +0800] "GET /nacos/v1/cs/configs/listener?dataId=datasource.yml&group=dev&namespaceId=0d5b02e8-6a81-44fd-b682-ce481a345736&tenant=0d5b02e8-6a81-44fd-b682-ce481a345736&accessToken=eyJhbGciOiJIUzI1NiJ9.eyJzdWIiOiJuYWNvcyIsImV4cCI6MTY0MTEyNDk2NH0.ykAq8WMVtQjCK8b9TbA5C0Ep3tQRLyWX-Ru7hnpCihM HTTP/1.1" 200 61 579 Mozilla/5.0 (Windows NT 10.0; Win64; x64) AppleWebKit/537.36 (KHTML, like Gecko) Chrome/98.0.4758.102 Safari/537.36 -
127.0.0.1 - - [24/Feb/2022:23:14:51 +0800] "PUT /nacos/v1/ns/instance/beat?beat=%7B%22cluster%22%3A%22DEFAULT%22%2C%22ip%22%3A%22192.168.69.129%22%2C%22metadata%22%3A%7B%22preserved.register.source%22%3A%22SPRING_CLOUD%22%7D%2C%22period%22%3A5000%2C%22port%22%3A10001%2C%22scheduled%22%3Afalse%2C%22serviceName%22%3A%22DEFAULT_GROUP%40%40gulimall-product%22%2C%22stopped%22%3Afalse%2C%22weight%22%3A1.0%7D&serviceName=DEFAULT_GROUP%40%40gulimall-product&encoding=UTF-8&namespaceId=public HTTP/1.1" 200 75 2 Nacos-Java-Client:v1.1.1 -
127.0.0.1 - - [24/Feb/2022:23:14:51 +0800] "PUT /nacos/v1/ns/instance/beat?app=renren-fast&namespaceId=public&port=8080&clusterName=DEFAULT&ip=192.168.69.129&serviceName=DEFAULT_GROUP%40%40renren-fast&encoding=UTF-8 HTTP/1.1" 200 75 1 Nacos-Java-Client:v1.2.1 -
127.0.0.1 - - [24/Feb/2022:23:14:56 +0800] "PUT /nacos/v1/ns/instance/beat?beat=%7B%22cluster%22%3A%22DEFAULT%22%2C%22ip%22%3A%22192.168.69.129%22%2C%22metadata%22%3A%7B%22preserved.register.source%22%3A%22SPRING_CLOUD%22%7D%2C%22period%22%3A5000%2C%22port%22%3A10001%2C%22scheduled%22%3Afalse%2C%22serviceName%22%3A%22DEFAULT_GROUP%40%40gulimall-product%22%2C%22stopped%22%3Afalse%2C%22weight%22%3A1.0%7D&serviceName=DEFAULT_GROUP%40%40gulimall-product&encoding=UTF-8&namespaceId=public HTTP/1.1" 200 75 2 Nacos-Java-Client:v1.1.1 -
127.0.0.1 - - [24/Feb/2022:23:14:56 +0800] "PUT /nacos/v1/ns/instance/beat?app=renren-fast&namespaceId=public&port=8080&clusterName=DEFAULT&ip=192.168.69.129&serviceName=DEFAULT_GROUP%40%40renren-fast&encoding=UTF-8 HTTP/1.1" 200 75 2 Nacos-Java-Client:v1.2.1 -
0:0:0:0:0:0:0:1 - - [24/Feb/2022:23:14:59 +0800] "POST /nacos/v1/cs/configs?accessToken=eyJhbGciOiJIUzI1NiJ9.eyJzdWIiOiJuYWNvcyIsImV4cCI6MTY0MTEyNDk2NH0.ykAq8WMVtQjCK8b9TbA5C0Ep3tQRLyWX-Ru7hnpCihM HTTP/1.1" 200 14 552 Mozilla/5.0 (Windows NT 10.0; Win64; x64) AppleWebKit/537.36 (KHTML, like Gecko) Chrome/98.0.4758.102 Safari/537.36 -
0:0:0:0:0:0:0:1 - - [24/Feb/2022:23:14:59 +0800] "GET /nacos/v1/cs/configs?dataId=datasource.yml&group=dev&namespaceId=0d5b02e8-6a81-44fd-b682-ce481a345736&tenant=0d5b02e8-6a81-44fd-b682-ce481a345736&show=all&accessToken=eyJhbGciOiJIUzI1NiJ9.eyJzdWIiOiJuYWNvcyIsImV4cCI6MTY0MTEyNDk2NH0.ykAq8WMVtQjCK8b9TbA5C0Ep3tQRLyWX-Ru7hnpCihM HTTP/1.1" 200 599 3 Mozilla/5.0 (Windows NT 10.0; Win64; x64) AppleWebKit/537.36 (KHTML, like Gecko) Chrome/98.0.4758.102 Safari/537.36 -
192.168.69.129 - - [24/Feb/2022:23:15:00 +0800] "GET /nacos/v1/cs/communication/dataChange?dataId=datasource.yml&group=dev&tenant=0d5b02e8-6a81-44fd-b682-ce481a345736 HTTP/1.1" 200 14 21 Apache-HttpAsyncClient/4.1.3 (Java/1.8.0_271) -
127.0.0.1 - - [24/Feb/2022:23:15:01 +0800] "PUT /nacos/v1/ns/instance/beat?beat=%7B%22cluster%22%3A%22DEFAULT%22%2C%22ip%22%3A%22192.168.69.129%22%2C%22metadata%22%3A%7B%22preserved.register.source%22%3A%22SPRING_CLOUD%22%7D%2C%22period%22%3A5000%2C%22port%22%3A10001%2C%22scheduled%22%3Afalse%2C%22serviceName%22%3A%22DEFAULT_GROUP%40%40gulimall-product%22%2C%22stopped%22%3Afalse%2C%22weight%22%3A1.0%7D&serviceName=DEFAULT_GROUP%40%40gulimall-product&encoding=UTF-8&namespaceId=public HTTP/1.1" 200 75 2 Nacos-Java-Client:v1.1.1 -
127.0.0.1 - - [24/Feb/2022:23:15:01 +0800] "PUT /nacos/v1/ns/instance/beat?app=renren-fast&namespaceId=public&port=8080&clusterName=DEFAULT&ip=192.168.69.129&serviceName=DEFAULT_GROUP%40%40renren-fast&encoding=UTF-8 HTTP/1.1" 200 75 2 Nacos-Java-Client:v1.2.1 -
0:0:0:0:0:0:0:1 - - [24/Feb/2022:23:15:03 +0800] "GET /nacos/v1/cs/configs?dataId=&group=&appName=&config_tags=&pageNo=1&pageSize=10&tenant=0d5b02e8-6a81-44fd-b682-ce481a345736&search=accurate&accessToken=eyJhbGciOiJIUzI1NiJ9.eyJzdWIiOiJuYWNvcyIsImV4cCI6MTY0MTEyNDk2NH0.ykAq8WMVtQjCK8b9TbA5C0Ep3tQRLyWX-Ru7hnpCihM HTTP/1.1" 200 1745 5 Mozilla/5.0 (Windows NT 10.0; Win64; x64) AppleWebKit/537.36 (KHTML, like Gecko) Chrome/98.0.4758.102 Safari/537.36 -
127.0.0.1 - - [24/Feb/2022:23:15:03 +0800] "POST /nacos/v1/cs/configs/listener HTTP/1.1" 200 - 29505 Java/1.8.0_271 -
127.0.0.1 - - [24/Feb/2022:23:15:06 +0800] "PUT /nacos/v1/ns/instance/beat?beat=%7B%22cluster%22%3A%22DEFAULT%22%2C%22ip%22%3A%22192.168.69.129%22%2C%22metadata%22%3A%7B%22preserved.register.source%22%3A%22SPRING_CLOUD%22%7D%2C%22period%22%3A5000%2C%22port%22%3A10001%2C%22scheduled%22%3Afalse%2C%22serviceName%22%3A%22DEFAULT_GROUP%40%40gulimall-product%22%2C%22stopped%22%3Afalse%2C%22weight%22%3A1.0%7D&serviceName=DEFAULT_GROUP%40%40gulimall-product&encoding=UTF-8&namespaceId=public HTTP/1.1" 200 75 3 Nacos-Java-Client:v1.1.1 -
0:0:0:0:0:0:0:1 - - [24/Feb/2022:23:15:06 +0800] "GET /nacos/v1/cs/configs?dataId=mall-coupon.properties&group=prod&namespaceId=0d5b02e8-6a81-44fd-b682-ce481a345736&tenant=0d5b02e8-6a81-44fd-b682-ce481a345736&beta=true&accessToken=eyJhbGciOiJIUzI1NiJ9.eyJzdWIiOiJuYWNvcyIsImV4cCI6MTY0MTEyNDk2NH0.ykAq8WMVtQjCK8b9TbA5C0Ep3tQRLyWX-Ru7hnpCihM HTTP/1.1" 200 60 2 Mozilla/5.0 (Windows NT 10.0; Win64; x64) AppleWebKit/537.36 (KHTML, like Gecko) Chrome/98.0.4758.102 Safari/537.36 -
0:0:0:0:0:0:0:1 - - [24/Feb/2022:23:15:06 +0800] "GET /nacos/v1/cs/configs?dataId=mall-coupon.properties&group=prod&namespaceId=0d5b02e8-6a81-44fd-b682-ce481a345736&tenant=0d5b02e8-6a81-44fd-b682-ce481a345736&show=all&accessToken=eyJhbGciOiJIUzI1NiJ9.eyJzdWIiOiJuYWNvcyIsImV4cCI6MTY0MTEyNDk2NH0.ykAq8WMVtQjCK8b9TbA5C0Ep3tQRLyWX-Ru7hnpCihM HTTP/1.1" 200 414 3 Mozilla/5.0 (Windows NT 10.0; Win64; x64) AppleWebKit/537.36 (KHTML, like Gecko) Chrome/98.0.4758.102 Safari/537.36 -
192.168.69.129 - - [24/Feb/2022:23:15:06 +0800] "GET /nacos/v1/cs/communication/configWatchers?&dataId=mall-coupon.properties&tenant=0d5b02e8-6a81-44fd-b682-ce481a345736&group=prod HTTP/1.1" 200 41 204 Java/1.8.0_271 -
0:0:0:0:0:0:0:1 - - [24/Feb/2022:23:15:06 +0800] "GET /nacos/v1/cs/configs/listener?dataId=mall-coupon.properties&group=prod&namespaceId=0d5b02e8-6a81-44fd-b682-ce481a345736&tenant=0d5b02e8-6a81-44fd-b682-ce481a345736&accessToken=eyJhbGciOiJIUzI1NiJ9.eyJzdWIiOiJuYWNvcyIsImV4cCI6MTY0MTEyNDk2NH0.ykAq8WMVtQjCK8b9TbA5C0Ep3tQRLyWX-Ru7hnpCihM HTTP/1.1" 200 61 208 Mozilla/5.0 (Windows NT 10.0; Win64; x64) AppleWebKit/537.36 (KHTML, like Gecko) Chrome/98.0.4758.102 Safari/537.36 -
127.0.0.1 - - [24/Feb/2022:23:15:06 +0800] "PUT /nacos/v1/ns/instance/beat?app=renren-fast&namespaceId=public&port=8080&clusterName=DEFAULT&ip=192.168.69.129&serviceName=DEFAULT_GROUP%40%40renren-fast&encoding=UTF-8 HTTP/1.1" 200 75 1 Nacos-Java-Client:v1.2.1 -
0:0:0:0:0:0:0:1 - - [24/Feb/2022:23:15:09 +0800] "GET /nacos/v1/cs/configs?dataId=&group=&appName=&config_tags=&pageNo=1&pageSize=10&tenant=0d5b02e8-6a81-44fd-b682-ce481a345736&search=accurate&accessToken=eyJhbGciOiJIUzI1NiJ9.eyJzdWIiOiJuYWNvcyIsImV4cCI6MTY0MTEyNDk2NH0.ykAq8WMVtQjCK8b9TbA5C0Ep3tQRLyWX-Ru7hnpCihM HTTP/1.1" 200 1745 4 Mozilla/5.0 (Windows NT 10.0; Win64; x64) AppleWebKit/537.36 (KHTML, like Gecko) Chrome/98.0.4758.102 Safari/537.36 -
127.0.0.1 - - [24/Feb/2022:23:15:11 +0800] "PUT /nacos/v1/ns/instance/beat?beat=%7B%22cluster%22%3A%22DEFAULT%22%2C%22ip%22%3A%22192.168.69.129%22%2C%22metadata%22%3A%7B%22preserved.register.source%22%3A%22SPRING_CLOUD%22%7D%2C%22period%22%3A5000%2C%22port%22%3A10001%2C%22scheduled%22%3Afalse%2C%22serviceName%22%3A%22DEFAULT_GROUP%40%40gulimall-product%22%2C%22stopped%22%3Afalse%2C%22weight%22%3A1.0%7D&serviceName=DEFAULT_GROUP%40%40gulimall-product&encoding=UTF-8&namespaceId=public HTTP/1.1" 200 75 3 Nacos-Java-Client:v1.1.1 -
127.0.0.1 - - [24/Feb/2022:23:15:11 +0800] "PUT /nacos/v1/ns/instance/beat?app=renren-fast&namespaceId=public&port=8080&clusterName=DEFAULT&ip=192.168.69.129&serviceName=DEFAULT_GROUP%40%40renren-fast&encoding=UTF-8 HTTP/1.1" 200 75 2 Nacos-Java-Client:v1.2.1 -
0:0:0:0:0:0:0:1 - - [24/Feb/2022:23:15:13 +0800] "GET /nacos/v1/cs/configs?dataId=&group=&appName=&config_tags=&pageNo=1&pageSize=10&tenant=0d5b02e8-6a81-44fd-b682-ce481a345736&search=accurate&accessToken=eyJhbGciOiJIUzI1NiJ9.eyJzdWIiOiJuYWNvcyIsImV4cCI6MTY0MTEyNDk2NH0.ykAq8WMVtQjCK8b9TbA5C0Ep3tQRLyWX-Ru7hnpCihM HTTP/1.1" 200 1745 4 Mozilla/5.0 (Windows NT 10.0; Win64; x64) AppleWebKit/537.36 (KHTML, like Gecko) Chrome/98.0.4758.102 Safari/537.36 -
127.0.0.1 - - [24/Feb/2022:23:15:16 +0800] "PUT /nacos/v1/ns/instance/beat?beat=%7B%22cluster%22%3A%22DEFAULT%22%2C%22ip%22%3A%22192.168.69.129%22%2C%22metadata%22%3A%7B%22preserved.register.source%22%3A%22SPRING_CLOUD%22%7D%2C%22period%22%3A5000%2C%22port%22%3A10001%2C%22scheduled%22%3Afalse%2C%22serviceName%22%3A%22DEFAULT_GROUP%40%40gulimall-product%22%2C%22stopped%22%3Afalse%2C%22weight%22%3A1.0%7D&serviceName=DEFAULT_GROUP%40%40gulimall-product&encoding=UTF-8&namespaceId=public HTTP/1.1" 200 75 6 Nacos-Java-Client:v1.1.1 -
127.0.0.1 - - [24/Feb/2022:23:15:16 +0800] "PUT /nacos/v1/ns/instance/beat?app=renren-fast&namespaceId=public&port=8080&clusterName=DEFAULT&ip=192.168.69.129&serviceName=DEFAULT_GROUP%40%40renren-fast&encoding=UTF-8 HTTP/1.1" 200 75 5 Nacos-Java-Client:v1.2.1 -
127.0.0.1 - - [24/Feb/2022:23:15:21 +0800] "PUT /nacos/v1/ns/instance/beat?beat=%7B%22cluster%22%3A%22DEFAULT%22%2C%22ip%22%3A%22192.168.69.129%22%2C%22metadata%22%3A%7B%22preserved.register.source%22%3A%22SPRING_CLOUD%22%7D%2C%22period%22%3A5000%2C%22port%22%3A10001%2C%22scheduled%22%3Afalse%2C%22serviceName%22%3A%22DEFAULT_GROUP%40%40gulimall-product%22%2C%22stopped%22%3Afalse%2C%22weight%22%3A1.0%7D&serviceName=DEFAULT_GROUP%40%40gulimall-product&encoding=UTF-8&namespaceId=public HTTP/1.1" 200 75 1 Nacos-Java-Client:v1.1.1 -
127.0.0.1 - - [24/Feb/2022:23:15:21 +0800] "PUT /nacos/v1/ns/instance/beat?app=renren-fast&namespaceId=public&port=8080&clusterName=DEFAULT&ip=192.168.69.129&serviceName=DEFAULT_GROUP%40%40renren-fast&encoding=UTF-8 HTTP/1.1" 200 75 2 Nacos-Java-Client:v1.2.1 -
127.0.0.1 - - [24/Feb/2022:23:15:26 +0800] "PUT /nacos/v1/ns/instance/beat?beat=%7B%22cluster%22%3A%22DEFAULT%22%2C%22ip%22%3A%22192.168.69.129%22%2C%22metadata%22%3A%7B%22preserved.register.source%22%3A%22SPRING_CLOUD%22%7D%2C%22period%22%3A5000%2C%22port%22%3A10001%2C%22scheduled%22%3Afalse%2C%22serviceName%22%3A%22DEFAULT_GROUP%40%40gulimall-product%22%2C%22stopped%22%3Afalse%2C%22weight%22%3A1.0%7D&serviceName=DEFAULT_GROUP%40%40gulimall-product&encoding=UTF-8&namespaceId=public HTTP/1.1" 200 75 11 Nacos-Java-Client:v1.1.1 -
127.0.0.1 - - [24/Feb/2022:23:15:26 +0800] "PUT /nacos/v1/ns/instance/beat?app=renren-fast&namespaceId=public&port=8080&clusterName=DEFAULT&ip=192.168.69.129&serviceName=DEFAULT_GROUP%40%40renren-fast&encoding=UTF-8 HTTP/1.1" 200 75 4 Nacos-Java-Client:v1.2.1 -
127.0.0.1 - - [24/Feb/2022:23:15:31 +0800] "PUT /nacos/v1/ns/instance/beat?beat=%7B%22cluster%22%3A%22DEFAULT%22%2C%22ip%22%3A%22192.168.69.129%22%2C%22metadata%22%3A%7B%22preserved.register.source%22%3A%22SPRING_CLOUD%22%7D%2C%22period%22%3A5000%2C%22port%22%3A10001%2C%22scheduled%22%3Afalse%2C%22serviceName%22%3A%22DEFAULT_GROUP%40%40gulimall-product%22%2C%22stopped%22%3Afalse%2C%22weight%22%3A1.0%7D&serviceName=DEFAULT_GROUP%40%40gulimall-product&encoding=UTF-8&namespaceId=public HTTP/1.1" 200 75 3 Nacos-Java-Client:v1.1.1 -
127.0.0.1 - - [24/Feb/2022:23:15:31 +0800] "PUT /nacos/v1/ns/instance/beat?app=renren-fast&namespaceId=public&port=8080&clusterName=DEFAULT&ip=192.168.69.129&serviceName=DEFAULT_GROUP%40%40renren-fast&encoding=UTF-8 HTTP/1.1" 200 75 1 Nacos-Java-Client:v1.2.1 -
127.0.0.1 - - [24/Feb/2022:23:15:33 +0800] "POST /nacos/v1/cs/configs/listener HTTP/1.1" 200 - 29504 Java/1.8.0_271 -
127.0.0.1 - - [24/Feb/2022:23:15:36 +0800] "PUT /nacos/v1/ns/instance/beat?beat=%7B%22cluster%22%3A%22DEFAULT%22%2C%22ip%22%3A%22192.168.69.129%22%2C%22metadata%22%3A%7B%22preserved.register.source%22%3A%22SPRING_CLOUD%22%7D%2C%22period%22%3A5000%2C%22port%22%3A10001%2C%22scheduled%22%3Afalse%2C%22serviceName%22%3A%22DEFAULT_GROUP%40%40gulimall-product%22%2C%22stopped%22%3Afalse%2C%22weight%22%3A1.0%7D&serviceName=DEFAULT_GROUP%40%40gulimall-product&encoding=UTF-8&namespaceId=public HTTP/1.1" 200 75 2 Nacos-Java-Client:v1.1.1 -
127.0.0.1 - - [24/Feb/2022:23:15:36 +0800] "PUT /nacos/v1/ns/instance/beat?app=renren-fast&namespaceId=public&port=8080&clusterName=DEFAULT&ip=192.168.69.129&serviceName=DEFAULT_GROUP%40%40renren-fast&encoding=UTF-8 HTTP/1.1" 200 75 2 Nacos-Java-Client:v1.2.1 -
127.0.0.1 - - [24/Feb/2022:23:15:41 +0800] "PUT /nacos/v1/ns/instance/beat?beat=%7B%22cluster%22%3A%22DEFAULT%22%2C%22ip%22%3A%22192.168.69.129%22%2C%22metadata%22%3A%7B%22preserved.register.source%22%3A%22SPRING_CLOUD%22%7D%2C%22period%22%3A5000%2C%22port%22%3A10001%2C%22scheduled%22%3Afalse%2C%22serviceName%22%3A%22DEFAULT_GROUP%40%40gulimall-product%22%2C%22stopped%22%3Afalse%2C%22weight%22%3A1.0%7D&serviceName=DEFAULT_GROUP%40%40gulimall-product&encoding=UTF-8&namespaceId=public HTTP/1.1" 200 75 2 Nacos-Java-Client:v1.1.1 -
127.0.0.1 - - [24/Feb/2022:23:15:41 +0800] "PUT /nacos/v1/ns/instance/beat?app=renren-fast&namespaceId=public&port=8080&clusterName=DEFAULT&ip=192.168.69.129&serviceName=DEFAULT_GROUP%40%40renren-fast&encoding=UTF-8 HTTP/1.1" 200 75 2 Nacos-Java-Client:v1.2.1 -
127.0.0.1 - - [24/Feb/2022:23:15:46 +0800] "PUT /nacos/v1/ns/instance/beat?beat=%7B%22cluster%22%3A%22DEFAULT%22%2C%22ip%22%3A%22192.168.69.129%22%2C%22metadata%22%3A%7B%22preserved.register.source%22%3A%22SPRING_CLOUD%22%7D%2C%22period%22%3A5000%2C%22port%22%3A10001%2C%22scheduled%22%3Afalse%2C%22serviceName%22%3A%22DEFAULT_GROUP%40%40gulimall-product%22%2C%22stopped%22%3Afalse%2C%22weight%22%3A1.0%7D&serviceName=DEFAULT_GROUP%40%40gulimall-product&encoding=UTF-8&namespaceId=public HTTP/1.1" 200 75 2 Nacos-Java-Client:v1.1.1 -
127.0.0.1 - - [24/Feb/2022:23:15:46 +0800] "PUT /nacos/v1/ns/instance/beat?app=renren-fast&namespaceId=public&port=8080&clusterName=DEFAULT&ip=192.168.69.129&serviceName=DEFAULT_GROUP%40%40renren-fast&encoding=UTF-8 HTTP/1.1" 200 75 1 Nacos-Java-Client:v1.2.1 -
127.0.0.1 - - [24/Feb/2022:23:15:51 +0800] "PUT /nacos/v1/ns/instance/beat?beat=%7B%22cluster%22%3A%22DEFAULT%22%2C%22ip%22%3A%22192.168.69.129%22%2C%22metadata%22%3A%7B%22preserved.register.source%22%3A%22SPRING_CLOUD%22%7D%2C%22period%22%3A5000%2C%22port%22%3A10001%2C%22scheduled%22%3Afalse%2C%22serviceName%22%3A%22DEFAULT_GROUP%40%40gulimall-product%22%2C%22stopped%22%3Afalse%2C%22weight%22%3A1.0%7D&serviceName=DEFAULT_GROUP%40%40gulimall-product&encoding=UTF-8&namespaceId=public HTTP/1.1" 200 75 2 Nacos-Java-Client:v1.1.1 -
127.0.0.1 - - [24/Feb/2022:23:15:51 +0800] "PUT /nacos/v1/ns/instance/beat?app=renren-fast&namespaceId=public&port=8080&clusterName=DEFAULT&ip=192.168.69.129&serviceName=DEFAULT_GROUP%40%40renren-fast&encoding=UTF-8 HTTP/1.1" 200 75 1 Nacos-Java-Client:v1.2.1 -
127.0.0.1 - - [24/Feb/2022:23:15:56 +0800] "PUT /nacos/v1/ns/instance/beat?beat=%7B%22cluster%22%3A%22DEFAULT%22%2C%22ip%22%3A%22192.168.69.129%22%2C%22metadata%22%3A%7B%22preserved.register.source%22%3A%22SPRING_CLOUD%22%7D%2C%22period%22%3A5000%2C%22port%22%3A10001%2C%22scheduled%22%3Afalse%2C%22serviceName%22%3A%22DEFAULT_GROUP%40%40gulimall-product%22%2C%22stopped%22%3Afalse%2C%22weight%22%3A1.0%7D&serviceName=DEFAULT_GROUP%40%40gulimall-product&encoding=UTF-8&namespaceId=public HTTP/1.1" 200 75 17 Nacos-Java-Client:v1.1.1 -
127.0.0.1 - - [24/Feb/2022:23:15:57 +0800] "PUT /nacos/v1/ns/instance/beat?app=renren-fast&namespaceId=public&port=8080&clusterName=DEFAULT&ip=192.168.69.129&serviceName=DEFAULT_GROUP%40%40renren-fast&encoding=UTF-8 HTTP/1.1" 200 75 43 Nacos-Java-Client:v1.2.1 -
127.0.0.1 - - [24/Feb/2022:23:16:01 +0800] "PUT /nacos/v1/ns/instance/beat?beat=%7B%22cluster%22%3A%22DEFAULT%22%2C%22ip%22%3A%22192.168.69.129%22%2C%22metadata%22%3A%7B%22preserved.register.source%22%3A%22SPRING_CLOUD%22%7D%2C%22period%22%3A5000%2C%22port%22%3A10001%2C%22scheduled%22%3Afalse%2C%22serviceName%22%3A%22DEFAULT_GROUP%40%40gulimall-product%22%2C%22stopped%22%3Afalse%2C%22weight%22%3A1.0%7D&serviceName=DEFAULT_GROUP%40%40gulimall-product&encoding=UTF-8&namespaceId=public HTTP/1.1" 200 75 2 Nacos-Java-Client:v1.1.1 -
127.0.0.1 - - [24/Feb/2022:23:16:02 +0800] "PUT /nacos/v1/ns/instance/beat?app=renren-fast&namespaceId=public&port=8080&clusterName=DEFAULT&ip=192.168.69.129&serviceName=DEFAULT_GROUP%40%40renren-fast&encoding=UTF-8 HTTP/1.1" 200 75 2 Nacos-Java-Client:v1.2.1 -
127.0.0.1 - - [24/Feb/2022:23:16:02 +0800] "POST /nacos/v1/cs/configs/listener HTTP/1.1" 200 - 29501 Java/1.8.0_271 -
127.0.0.1 - - [24/Feb/2022:23:16:06 +0800] "PUT /nacos/v1/ns/instance/beat?beat=%7B%22cluster%22%3A%22DEFAULT%22%2C%22ip%22%3A%22192.168.69.129%22%2C%22metadata%22%3A%7B%22preserved.register.source%22%3A%22SPRING_CLOUD%22%7D%2C%22period%22%3A5000%2C%22port%22%3A10001%2C%22scheduled%22%3Afalse%2C%22serviceName%22%3A%22DEFAULT_GROUP%40%40gulimall-product%22%2C%22stopped%22%3Afalse%2C%22weight%22%3A1.0%7D&serviceName=DEFAULT_GROUP%40%40gulimall-product&encoding=UTF-8&namespaceId=public HTTP/1.1" 200 75 2 Nacos-Java-Client:v1.1.1 -
127.0.0.1 - - [24/Feb/2022:23:16:07 +0800] "PUT /nacos/v1/ns/instance/beat?app=renren-fast&namespaceId=public&port=8080&clusterName=DEFAULT&ip=192.168.69.129&serviceName=DEFAULT_GROUP%40%40renren-fast&encoding=UTF-8 HTTP/1.1" 200 75 2 Nacos-Java-Client:v1.2.1 -
127.0.0.1 - - [24/Feb/2022:23:16:11 +0800] "PUT /nacos/v1/ns/instance/beat?beat=%7B%22cluster%22%3A%22DEFAULT%22%2C%22ip%22%3A%22192.168.69.129%22%2C%22metadata%22%3A%7B%22preserved.register.source%22%3A%22SPRING_CLOUD%22%7D%2C%22period%22%3A5000%2C%22port%22%3A10001%2C%22scheduled%22%3Afalse%2C%22serviceName%22%3A%22DEFAULT_GROUP%40%40gulimall-product%22%2C%22stopped%22%3Afalse%2C%22weight%22%3A1.0%7D&serviceName=DEFAULT_GROUP%40%40gulimall-product&encoding=UTF-8&namespaceId=public HTTP/1.1" 200 75 2 Nacos-Java-Client:v1.1.1 -
127.0.0.1 - - [24/Feb/2022:23:16:12 +0800] "PUT /nacos/v1/ns/instance/beat?app=renren-fast&namespaceId=public&port=8080&clusterName=DEFAULT&ip=192.168.69.129&serviceName=DEFAULT_GROUP%40%40renren-fast&encoding=UTF-8 HTTP/1.1" 200 75 6 Nacos-Java-Client:v1.2.1 -
127.0.0.1 - - [24/Feb/2022:23:16:16 +0800] "PUT /nacos/v1/ns/instance/beat?beat=%7B%22cluster%22%3A%22DEFAULT%22%2C%22ip%22%3A%22192.168.69.129%22%2C%22metadata%22%3A%7B%22preserved.register.source%22%3A%22SPRING_CLOUD%22%7D%2C%22period%22%3A5000%2C%22port%22%3A10001%2C%22scheduled%22%3Afalse%2C%22serviceName%22%3A%22DEFAULT_GROUP%40%40gulimall-product%22%2C%22stopped%22%3Afalse%2C%22weight%22%3A1.0%7D&serviceName=DEFAULT_GROUP%40%40gulimall-product&encoding=UTF-8&namespaceId=public HTTP/1.1" 200 75 3 Nacos-Java-Client:v1.1.1 -
127.0.0.1 - - [24/Feb/2022:23:16:17 +0800] "PUT /nacos/v1/ns/instance/beat?app=renren-fast&namespaceId=public&port=8080&clusterName=DEFAULT&ip=192.168.69.129&serviceName=DEFAULT_GROUP%40%40renren-fast&encoding=UTF-8 HTTP/1.1" 200 75 5 Nacos-Java-Client:v1.2.1 -
127.0.0.1 - - [24/Feb/2022:23:16:21 +0800] "PUT /nacos/v1/ns/instance/beat?beat=%7B%22cluster%22%3A%22DEFAULT%22%2C%22ip%22%3A%22192.168.69.129%22%2C%22metadata%22%3A%7B%22preserved.register.source%22%3A%22SPRING_CLOUD%22%7D%2C%22period%22%3A5000%2C%22port%22%3A10001%2C%22scheduled%22%3Afalse%2C%22serviceName%22%3A%22DEFAULT_GROUP%40%40gulimall-product%22%2C%22stopped%22%3Afalse%2C%22weight%22%3A1.0%7D&serviceName=DEFAULT_GROUP%40%40gulimall-product&encoding=UTF-8&namespaceId=public HTTP/1.1" 200 75 2 Nacos-Java-Client:v1.1.1 -
127.0.0.1 - - [24/Feb/2022:23:16:22 +0800] "PUT /nacos/v1/ns/instance/beat?app=renren-fast&namespaceId=public&port=8080&clusterName=DEFAULT&ip=192.168.69.129&serviceName=DEFAULT_GROUP%40%40renren-fast&encoding=UTF-8 HTTP/1.1" 200 75 2 Nacos-Java-Client:v1.2.1 -
127.0.0.1 - - [24/Feb/2022:23:16:26 +0800] "PUT /nacos/v1/ns/instance/beat?beat=%7B%22cluster%22%3A%22DEFAULT%22%2C%22ip%22%3A%22192.168.69.129%22%2C%22metadata%22%3A%7B%22preserved.register.source%22%3A%22SPRING_CLOUD%22%7D%2C%22period%22%3A5000%2C%22port%22%3A10001%2C%22scheduled%22%3Afalse%2C%22serviceName%22%3A%22DEFAULT_GROUP%40%40gulimall-product%22%2C%22stopped%22%3Afalse%2C%22weight%22%3A1.0%7D&serviceName=DEFAULT_GROUP%40%40gulimall-product&encoding=UTF-8&namespaceId=public HTTP/1.1" 200 75 1 Nacos-Java-Client:v1.1.1 -
127.0.0.1 - - [24/Feb/2022:23:16:27 +0800] "PUT /nacos/v1/ns/instance/beat?app=renren-fast&namespaceId=public&port=8080&clusterName=DEFAULT&ip=192.168.69.129&serviceName=DEFAULT_GROUP%40%40renren-fast&encoding=UTF-8 HTTP/1.1" 200 75 3 Nacos-Java-Client:v1.2.1 -
127.0.0.1 - - [24/Feb/2022:23:16:31 +0800] "PUT /nacos/v1/ns/instance/beat?beat=%7B%22cluster%22%3A%22DEFAULT%22%2C%22ip%22%3A%22192.168.69.129%22%2C%22metadata%22%3A%7B%22preserved.register.source%22%3A%22SPRING_CLOUD%22%7D%2C%22period%22%3A5000%2C%22port%22%3A10001%2C%22scheduled%22%3Afalse%2C%22serviceName%22%3A%22DEFAULT_GROUP%40%40gulimall-product%22%2C%22stopped%22%3Afalse%2C%22weight%22%3A1.0%7D&serviceName=DEFAULT_GROUP%40%40gulimall-product&encoding=UTF-8&namespaceId=public HTTP/1.1" 200 75 2 Nacos-Java-Client:v1.1.1 -
127.0.0.1 - - [24/Feb/2022:23:16:32 +0800] "PUT /nacos/v1/ns/instance/beat?app=renren-fast&namespaceId=public&port=8080&clusterName=DEFAULT&ip=192.168.69.129&serviceName=DEFAULT_GROUP%40%40renren-fast&encoding=UTF-8 HTTP/1.1" 200 75 2 Nacos-Java-Client:v1.2.1 -
127.0.0.1 - - [24/Feb/2022:23:16:32 +0800] "POST /nacos/v1/cs/configs/listener HTTP/1.1" 200 - 29505 Java/1.8.0_271 -
127.0.0.1 - - [24/Feb/2022:23:16:36 +0800] "PUT /nacos/v1/ns/instance/beat?beat=%7B%22cluster%22%3A%22DEFAULT%22%2C%22ip%22%3A%22192.168.69.129%22%2C%22metadata%22%3A%7B%22preserved.register.source%22%3A%22SPRING_CLOUD%22%7D%2C%22period%22%3A5000%2C%22port%22%3A10001%2C%22scheduled%22%3Afalse%2C%22serviceName%22%3A%22DEFAULT_GROUP%40%40gulimall-product%22%2C%22stopped%22%3Afalse%2C%22weight%22%3A1.0%7D&serviceName=DEFAULT_GROUP%40%40gulimall-product&encoding=UTF-8&namespaceId=public HTTP/1.1" 200 75 2 Nacos-Java-Client:v1.1.1 -
127.0.0.1 - - [24/Feb/2022:23:16:37 +0800] "PUT /nacos/v1/ns/instance/beat?app=renren-fast&namespaceId=public&port=8080&clusterName=DEFAULT&ip=192.168.69.129&serviceName=DEFAULT_GROUP%40%40renren-fast&encoding=UTF-8 HTTP/1.1" 200 75 2 Nacos-Java-Client:v1.2.1 -
127.0.0.1 - - [24/Feb/2022:23:16:41 +0800] "PUT /nacos/v1/ns/instance/beat?beat=%7B%22cluster%22%3A%22DEFAULT%22%2C%22ip%22%3A%22192.168.69.129%22%2C%22metadata%22%3A%7B%22preserved.register.source%22%3A%22SPRING_CLOUD%22%7D%2C%22period%22%3A5000%2C%22port%22%3A10001%2C%22scheduled%22%3Afalse%2C%22serviceName%22%3A%22DEFAULT_GROUP%40%40gulimall-product%22%2C%22stopped%22%3Afalse%2C%22weight%22%3A1.0%7D&serviceName=DEFAULT_GROUP%40%40gulimall-product&encoding=UTF-8&namespaceId=public HTTP/1.1" 200 75 2 Nacos-Java-Client:v1.1.1 -
127.0.0.1 - - [24/Feb/2022:23:16:42 +0800] "PUT /nacos/v1/ns/instance/beat?app=renren-fast&namespaceId=public&port=8080&clusterName=DEFAULT&ip=192.168.69.129&serviceName=DEFAULT_GROUP%40%40renren-fast&encoding=UTF-8 HTTP/1.1" 200 75 1 Nacos-Java-Client:v1.2.1 -
127.0.0.1 - - [24/Feb/2022:23:16:46 +0800] "PUT /nacos/v1/ns/instance/beat?beat=%7B%22cluster%22%3A%22DEFAULT%22%2C%22ip%22%3A%22192.168.69.129%22%2C%22metadata%22%3A%7B%22preserved.register.source%22%3A%22SPRING_CLOUD%22%7D%2C%22period%22%3A5000%2C%22port%22%3A10001%2C%22scheduled%22%3Afalse%2C%22serviceName%22%3A%22DEFAULT_GROUP%40%40gulimall-product%22%2C%22stopped%22%3Afalse%2C%22weight%22%3A1.0%7D&serviceName=DEFAULT_GROUP%40%40gulimall-product&encoding=UTF-8&namespaceId=public HTTP/1.1" 200 75 2 Nacos-Java-Client:v1.1.1 -
127.0.0.1 - - [24/Feb/2022:23:16:47 +0800] "PUT /nacos/v1/ns/instance/beat?app=renren-fast&namespaceId=public&port=8080&clusterName=DEFAULT&ip=192.168.69.129&serviceName=DEFAULT_GROUP%40%40renren-fast&encoding=UTF-8 HTTP/1.1" 200 75 2 Nacos-Java-Client:v1.2.1 -
127.0.0.1 - - [24/Feb/2022:23:16:51 +0800] "PUT /nacos/v1/ns/instance/beat?beat=%7B%22cluster%22%3A%22DEFAULT%22%2C%22ip%22%3A%22192.168.69.129%22%2C%22metadata%22%3A%7B%22preserved.register.source%22%3A%22SPRING_CLOUD%22%7D%2C%22period%22%3A5000%2C%22port%22%3A10001%2C%22scheduled%22%3Afalse%2C%22serviceName%22%3A%22DEFAULT_GROUP%40%40gulimall-product%22%2C%22stopped%22%3Afalse%2C%22weight%22%3A1.0%7D&serviceName=DEFAULT_GROUP%40%40gulimall-product&encoding=UTF-8&namespaceId=public HTTP/1.1" 200 75 2 Nacos-Java-Client:v1.1.1 -
127.0.0.1 - - [24/Feb/2022:23:16:52 +0800] "PUT /nacos/v1/ns/instance/beat?app=renren-fast&namespaceId=public&port=8080&clusterName=DEFAULT&ip=192.168.69.129&serviceName=DEFAULT_GROUP%40%40renren-fast&encoding=UTF-8 HTTP/1.1" 200 75 2 Nacos-Java-Client:v1.2.1 -
127.0.0.1 - - [24/Feb/2022:23:16:56 +0800] "PUT /nacos/v1/ns/instance/beat?beat=%7B%22cluster%22%3A%22DEFAULT%22%2C%22ip%22%3A%22192.168.69.129%22%2C%22metadata%22%3A%7B%22preserved.register.source%22%3A%22SPRING_CLOUD%22%7D%2C%22period%22%3A5000%2C%22port%22%3A10001%2C%22scheduled%22%3Afalse%2C%22serviceName%22%3A%22DEFAULT_GROUP%40%40gulimall-product%22%2C%22stopped%22%3Afalse%2C%22weight%22%3A1.0%7D&serviceName=DEFAULT_GROUP%40%40gulimall-product&encoding=UTF-8&namespaceId=public HTTP/1.1" 200 75 3 Nacos-Java-Client:v1.1.1 -
127.0.0.1 - - [24/Feb/2022:23:16:57 +0800] "PUT /nacos/v1/ns/instance/beat?app=renren-fast&namespaceId=public&port=8080&clusterName=DEFAULT&ip=192.168.69.129&serviceName=DEFAULT_GROUP%40%40renren-fast&encoding=UTF-8 HTTP/1.1" 200 75 1 Nacos-Java-Client:v1.2.1 -
127.0.0.1 - - [24/Feb/2022:23:17:01 +0800] "PUT /nacos/v1/ns/instance/beat?beat=%7B%22cluster%22%3A%22DEFAULT%22%2C%22ip%22%3A%22192.168.69.129%22%2C%22metadata%22%3A%7B%22preserved.register.source%22%3A%22SPRING_CLOUD%22%7D%2C%22period%22%3A5000%2C%22port%22%3A10001%2C%22scheduled%22%3Afalse%2C%22serviceName%22%3A%22DEFAULT_GROUP%40%40gulimall-product%22%2C%22stopped%22%3Afalse%2C%22weight%22%3A1.0%7D&serviceName=DEFAULT_GROUP%40%40gulimall-product&encoding=UTF-8&namespaceId=public HTTP/1.1" 200 75 2 Nacos-Java-Client:v1.1.1 -
127.0.0.1 - - [24/Feb/2022:23:17:01 +0800] "POST /nacos/v1/cs/configs/listener HTTP/1.1" 200 - 29508 Java/1.8.0_271 -
127.0.0.1 - - [24/Feb/2022:23:17:02 +0800] "PUT /nacos/v1/ns/instance/beat?app=renren-fast&namespaceId=public&port=8080&clusterName=DEFAULT&ip=192.168.69.129&serviceName=DEFAULT_GROUP%40%40renren-fast&encoding=UTF-8 HTTP/1.1" 200 75 2 Nacos-Java-Client:v1.2.1 -
