127.0.0.1 - - [25/Feb/2022:00:17:13 +0800] "PUT /nacos/v1/ns/instance/beat?beat=%7B%22cluster%22%3A%22DEFAULT%22%2C%22ip%22%3A%22192.168.69.129%22%2C%22metadata%22%3A%7B%22preserved.register.source%22%3A%22SPRING_CLOUD%22%7D%2C%22period%22%3A5000%2C%22port%22%3A88%2C%22scheduled%22%3Afalse%2C%22serviceName%22%3A%22DEFAULT_GROUP%40%40gulimall-gateway%22%2C%22stopped%22%3Afalse%2C%22weight%22%3A1.0%7D&serviceName=DEFAULT_GROUP%40%40gulimall-gateway&encoding=UTF-8&namespaceId=public HTTP/1.1" 200 75 6 Nacos-Java-Client:v1.1.1 -
127.0.0.1 - - [25/Feb/2022:00:17:15 +0800] "PUT /nacos/v1/ns/instance/beat?app=renren-fast&namespaceId=public&port=8080&clusterName=DEFAULT&ip=192.168.69.129&serviceName=DEFAULT_GROUP%40%40renren-fast&encoding=UTF-8 HTTP/1.1" 200 75 4 Nacos-Java-Client:v1.2.1 -
127.0.0.1 - - [25/Feb/2022:00:17:15 +0800] "PUT /nacos/v1/ns/instance/beat?beat=%7B%22cluster%22%3A%22DEFAULT%22%2C%22ip%22%3A%22192.168.69.129%22%2C%22metadata%22%3A%7B%22preserved.register.source%22%3A%22SPRING_CLOUD%22%7D%2C%22period%22%3A5000%2C%22port%22%3A7000%2C%22scheduled%22%3Afalse%2C%22serviceName%22%3A%22DEFAULT_GROUP%40%40gulimall-coupon%22%2C%22stopped%22%3Afalse%2C%22weight%22%3A1.0%7D&serviceName=DEFAULT_GROUP%40%40gulimall-coupon&encoding=UTF-8&namespaceId=public HTTP/1.1" 200 75 4 Nacos-Java-Client:v1.1.1 -
127.0.0.1 - - [25/Feb/2022:00:17:17 +0800] "GET /nacos/v1/ns/instance/list?healthyOnly=false&namespaceId=public&clientIP=192.168.69.129&serviceName=DEFAULT_GROUP%40%40renren-fast&udpPort=55365&encoding=UTF-8 HTTP/1.1" 200 566 6 Nacos-Java-Client:v1.1.1 -
127.0.0.1 - - [25/Feb/2022:00:17:18 +0800] "PUT /nacos/v1/ns/instance/beat?beat=%7B%22cluster%22%3A%22DEFAULT%22%2C%22ip%22%3A%22192.168.69.129%22%2C%22metadata%22%3A%7B%22preserved.register.source%22%3A%22SPRING_CLOUD%22%7D%2C%22period%22%3A5000%2C%22port%22%3A88%2C%22scheduled%22%3Afalse%2C%22serviceName%22%3A%22DEFAULT_GROUP%40%40gulimall-gateway%22%2C%22stopped%22%3Afalse%2C%22weight%22%3A1.0%7D&serviceName=DEFAULT_GROUP%40%40gulimall-gateway&encoding=UTF-8&namespaceId=public HTTP/1.1" 200 75 4 Nacos-Java-Client:v1.1.1 -
127.0.0.1 - - [25/Feb/2022:00:17:20 +0800] "PUT /nacos/v1/ns/instance/beat?app=renren-fast&namespaceId=public&port=8080&clusterName=DEFAULT&ip=192.168.69.129&serviceName=DEFAULT_GROUP%40%40renren-fast&encoding=UTF-8 HTTP/1.1" 200 75 10 Nacos-Java-Client:v1.2.1 -
127.0.0.1 - - [25/Feb/2022:00:17:20 +0800] "PUT /nacos/v1/ns/instance/beat?beat=%7B%22cluster%22%3A%22DEFAULT%22%2C%22ip%22%3A%22192.168.69.129%22%2C%22metadata%22%3A%7B%22preserved.register.source%22%3A%22SPRING_CLOUD%22%7D%2C%22period%22%3A5000%2C%22port%22%3A7000%2C%22scheduled%22%3Afalse%2C%22serviceName%22%3A%22DEFAULT_GROUP%40%40gulimall-coupon%22%2C%22stopped%22%3Afalse%2C%22weight%22%3A1.0%7D&serviceName=DEFAULT_GROUP%40%40gulimall-coupon&encoding=UTF-8&namespaceId=public HTTP/1.1" 200 75 6 Nacos-Java-Client:v1.1.1 -
127.0.0.1 - - [25/Feb/2022:00:17:23 +0800] "PUT /nacos/v1/ns/instance/beat?beat=%7B%22cluster%22%3A%22DEFAULT%22%2C%22ip%22%3A%22192.168.69.129%22%2C%22metadata%22%3A%7B%22preserved.register.source%22%3A%22SPRING_CLOUD%22%7D%2C%22period%22%3A5000%2C%22port%22%3A88%2C%22scheduled%22%3Afalse%2C%22serviceName%22%3A%22DEFAULT_GROUP%40%40gulimall-gateway%22%2C%22stopped%22%3Afalse%2C%22weight%22%3A1.0%7D&serviceName=DEFAULT_GROUP%40%40gulimall-gateway&encoding=UTF-8&namespaceId=public HTTP/1.1" 200 75 6 Nacos-Java-Client:v1.1.1 -
127.0.0.1 - - [25/Feb/2022:00:17:25 +0800] "POST /nacos/v1/cs/configs/listener HTTP/1.1" 200 - 29503 Java/1.8.0_271 -
127.0.0.1 - - [25/Feb/2022:00:17:25 +0800] "PUT /nacos/v1/ns/instance/beat?app=renren-fast&namespaceId=public&port=8080&clusterName=DEFAULT&ip=192.168.69.129&serviceName=DEFAULT_GROUP%40%40renren-fast&encoding=UTF-8 HTTP/1.1" 200 75 3 Nacos-Java-Client:v1.2.1 -
127.0.0.1 - - [25/Feb/2022:00:17:25 +0800] "PUT /nacos/v1/ns/instance/beat?beat=%7B%22cluster%22%3A%22DEFAULT%22%2C%22ip%22%3A%22192.168.69.129%22%2C%22metadata%22%3A%7B%22preserved.register.source%22%3A%22SPRING_CLOUD%22%7D%2C%22period%22%3A5000%2C%22port%22%3A7000%2C%22scheduled%22%3Afalse%2C%22serviceName%22%3A%22DEFAULT_GROUP%40%40gulimall-coupon%22%2C%22stopped%22%3Afalse%2C%22weight%22%3A1.0%7D&serviceName=DEFAULT_GROUP%40%40gulimall-coupon&encoding=UTF-8&namespaceId=public HTTP/1.1" 200 75 6 Nacos-Java-Client:v1.1.1 -
127.0.0.1 - - [25/Feb/2022:00:17:27 +0800] "GET /nacos/v1/ns/instance/list?healthyOnly=false&namespaceId=public&clientIP=192.168.69.129&serviceName=DEFAULT_GROUP%40%40renren-fast&udpPort=55365&encoding=UTF-8 HTTP/1.1" 200 566 5 Nacos-Java-Client:v1.1.1 -
127.0.0.1 - - [25/Feb/2022:00:17:28 +0800] "PUT /nacos/v1/ns/instance/beat?beat=%7B%22cluster%22%3A%22DEFAULT%22%2C%22ip%22%3A%22192.168.69.129%22%2C%22metadata%22%3A%7B%22preserved.register.source%22%3A%22SPRING_CLOUD%22%7D%2C%22period%22%3A5000%2C%22port%22%3A88%2C%22scheduled%22%3Afalse%2C%22serviceName%22%3A%22DEFAULT_GROUP%40%40gulimall-gateway%22%2C%22stopped%22%3Afalse%2C%22weight%22%3A1.0%7D&serviceName=DEFAULT_GROUP%40%40gulimall-gateway&encoding=UTF-8&namespaceId=public HTTP/1.1" 200 75 3 Nacos-Java-Client:v1.1.1 -
127.0.0.1 - - [25/Feb/2022:00:17:30 +0800] "PUT /nacos/v1/ns/instance/beat?beat=%7B%22cluster%22%3A%22DEFAULT%22%2C%22ip%22%3A%22192.168.69.129%22%2C%22metadata%22%3A%7B%22preserved.register.source%22%3A%22SPRING_CLOUD%22%7D%2C%22period%22%3A5000%2C%22port%22%3A7000%2C%22scheduled%22%3Afalse%2C%22serviceName%22%3A%22DEFAULT_GROUP%40%40gulimall-coupon%22%2C%22stopped%22%3Afalse%2C%22weight%22%3A1.0%7D&serviceName=DEFAULT_GROUP%40%40gulimall-coupon&encoding=UTF-8&namespaceId=public HTTP/1.1" 200 75 4 Nacos-Java-Client:v1.1.1 -
127.0.0.1 - - [25/Feb/2022:00:17:30 +0800] "PUT /nacos/v1/ns/instance/beat?app=renren-fast&namespaceId=public&port=8080&clusterName=DEFAULT&ip=192.168.69.129&serviceName=DEFAULT_GROUP%40%40renren-fast&encoding=UTF-8 HTTP/1.1" 200 75 16 Nacos-Java-Client:v1.2.1 -
127.0.0.1 - - [25/Feb/2022:00:17:33 +0800] "POST /nacos/v1/cs/configs/listener HTTP/1.1" 200 - 29511 Java/1.8.0_271 -
127.0.0.1 - - [25/Feb/2022:00:17:33 +0800] "PUT /nacos/v1/ns/instance/beat?beat=%7B%22cluster%22%3A%22DEFAULT%22%2C%22ip%22%3A%22192.168.69.129%22%2C%22metadata%22%3A%7B%22preserved.register.source%22%3A%22SPRING_CLOUD%22%7D%2C%22period%22%3A5000%2C%22port%22%3A88%2C%22scheduled%22%3Afalse%2C%22serviceName%22%3A%22DEFAULT_GROUP%40%40gulimall-gateway%22%2C%22stopped%22%3Afalse%2C%22weight%22%3A1.0%7D&serviceName=DEFAULT_GROUP%40%40gulimall-gateway&encoding=UTF-8&namespaceId=public HTTP/1.1" 200 75 34 Nacos-Java-Client:v1.1.1 -
127.0.0.1 - - [25/Feb/2022:00:17:35 +0800] "PUT /nacos/v1/ns/instance/beat?beat=%7B%22cluster%22%3A%22DEFAULT%22%2C%22ip%22%3A%22192.168.69.129%22%2C%22metadata%22%3A%7B%22preserved.register.source%22%3A%22SPRING_CLOUD%22%7D%2C%22period%22%3A5000%2C%22port%22%3A7000%2C%22scheduled%22%3Afalse%2C%22serviceName%22%3A%22DEFAULT_GROUP%40%40gulimall-coupon%22%2C%22stopped%22%3Afalse%2C%22weight%22%3A1.0%7D&serviceName=DEFAULT_GROUP%40%40gulimall-coupon&encoding=UTF-8&namespaceId=public HTTP/1.1" 200 75 3 Nacos-Java-Client:v1.1.1 -
127.0.0.1 - - [25/Feb/2022:00:17:35 +0800] "PUT /nacos/v1/ns/instance/beat?app=renren-fast&namespaceId=public&port=8080&clusterName=DEFAULT&ip=192.168.69.129&serviceName=DEFAULT_GROUP%40%40renren-fast&encoding=UTF-8 HTTP/1.1" 200 75 2 Nacos-Java-Client:v1.2.1 -
127.0.0.1 - - [25/Feb/2022:00:17:37 +0800] "GET /nacos/v1/ns/instance/list?healthyOnly=false&namespaceId=public&clientIP=192.168.69.129&serviceName=DEFAULT_GROUP%40%40renren-fast&udpPort=55365&encoding=UTF-8 HTTP/1.1" 200 566 4 Nacos-Java-Client:v1.1.1 -
127.0.0.1 - - [25/Feb/2022:00:17:38 +0800] "POST /nacos/v1/ns/instance?groupName=DEFAULT_GROUP&metadata=%7B%22preserved.register.source%22%3A%22SPRING_CLOUD%22%7D&namespaceId=public&port=25000&enable=true&healthy=true&clusterName=DEFAULT&ip=192.168.69.129&weight=1.0&ephemeral=true&serviceName=DEFAULT_GROUP%40%40gulimall-seckill&encoding=UTF-8 HTTP/1.1" 200 2 3 Nacos-Java-Client:v1.1.1 -
127.0.0.1 - - [25/Feb/2022:00:17:38 +0800] "PUT /nacos/v1/ns/instance/beat?beat=%7B%22cluster%22%3A%22DEFAULT%22%2C%22ip%22%3A%22192.168.69.129%22%2C%22metadata%22%3A%7B%22preserved.register.source%22%3A%22SPRING_CLOUD%22%7D%2C%22period%22%3A5000%2C%22port%22%3A25000%2C%22scheduled%22%3Afalse%2C%22serviceName%22%3A%22DEFAULT_GROUP%40%40gulimall-seckill%22%2C%22stopped%22%3Afalse%2C%22weight%22%3A1.0%7D&serviceName=DEFAULT_GROUP%40%40gulimall-seckill&encoding=UTF-8&namespaceId=public HTTP/1.1" 200 75 7 Nacos-Java-Client:v1.1.1 -
127.0.0.1 - - [25/Feb/2022:00:17:38 +0800] "PUT /nacos/v1/ns/instance/beat?beat=%7B%22cluster%22%3A%22DEFAULT%22%2C%22ip%22%3A%22192.168.69.129%22%2C%22metadata%22%3A%7B%22preserved.register.source%22%3A%22SPRING_CLOUD%22%7D%2C%22period%22%3A5000%2C%22port%22%3A88%2C%22scheduled%22%3Afalse%2C%22serviceName%22%3A%22DEFAULT_GROUP%40%40gulimall-gateway%22%2C%22stopped%22%3Afalse%2C%22weight%22%3A1.0%7D&serviceName=DEFAULT_GROUP%40%40gulimall-gateway&encoding=UTF-8&namespaceId=public HTTP/1.1" 200 75 3 Nacos-Java-Client:v1.1.1 -
127.0.0.1 - - [25/Feb/2022:00:17:40 +0800] "PUT /nacos/v1/ns/instance/beat?beat=%7B%22cluster%22%3A%22DEFAULT%22%2C%22ip%22%3A%22192.168.69.129%22%2C%22metadata%22%3A%7B%22preserved.register.source%22%3A%22SPRING_CLOUD%22%7D%2C%22period%22%3A5000%2C%22port%22%3A7000%2C%22scheduled%22%3Afalse%2C%22serviceName%22%3A%22DEFAULT_GROUP%40%40gulimall-coupon%22%2C%22stopped%22%3Afalse%2C%22weight%22%3A1.0%7D&serviceName=DEFAULT_GROUP%40%40gulimall-coupon&encoding=UTF-8&namespaceId=public HTTP/1.1" 200 75 5 Nacos-Java-Client:v1.1.1 -
127.0.0.1 - - [25/Feb/2022:00:17:40 +0800] "PUT /nacos/v1/ns/instance/beat?app=renren-fast&namespaceId=public&port=8080&clusterName=DEFAULT&ip=192.168.69.129&serviceName=DEFAULT_GROUP%40%40renren-fast&encoding=UTF-8 HTTP/1.1" 200 75 4 Nacos-Java-Client:v1.2.1 -
127.0.0.1 - - [25/Feb/2022:00:17:43 +0800] "PUT /nacos/v1/ns/instance/beat?beat=%7B%22cluster%22%3A%22DEFAULT%22%2C%22ip%22%3A%22192.168.69.129%22%2C%22metadata%22%3A%7B%22preserved.register.source%22%3A%22SPRING_CLOUD%22%7D%2C%22period%22%3A5000%2C%22port%22%3A25000%2C%22scheduled%22%3Afalse%2C%22serviceName%22%3A%22DEFAULT_GROUP%40%40gulimall-seckill%22%2C%22stopped%22%3Afalse%2C%22weight%22%3A1.0%7D&serviceName=DEFAULT_GROUP%40%40gulimall-seckill&encoding=UTF-8&namespaceId=public HTTP/1.1" 200 75 4 Nacos-Java-Client:v1.1.1 -
127.0.0.1 - - [25/Feb/2022:00:17:43 +0800] "PUT /nacos/v1/ns/instance/beat?beat=%7B%22cluster%22%3A%22DEFAULT%22%2C%22ip%22%3A%22192.168.69.129%22%2C%22metadata%22%3A%7B%22preserved.register.source%22%3A%22SPRING_CLOUD%22%7D%2C%22period%22%3A5000%2C%22port%22%3A88%2C%22scheduled%22%3Afalse%2C%22serviceName%22%3A%22DEFAULT_GROUP%40%40gulimall-gateway%22%2C%22stopped%22%3Afalse%2C%22weight%22%3A1.0%7D&serviceName=DEFAULT_GROUP%40%40gulimall-gateway&encoding=UTF-8&namespaceId=public HTTP/1.1" 200 75 3 Nacos-Java-Client:v1.1.1 -
127.0.0.1 - - [25/Feb/2022:00:17:45 +0800] "PUT /nacos/v1/ns/instance/beat?beat=%7B%22cluster%22%3A%22DEFAULT%22%2C%22ip%22%3A%22192.168.69.129%22%2C%22metadata%22%3A%7B%22preserved.register.source%22%3A%22SPRING_CLOUD%22%7D%2C%22period%22%3A5000%2C%22port%22%3A7000%2C%22scheduled%22%3Afalse%2C%22serviceName%22%3A%22DEFAULT_GROUP%40%40gulimall-coupon%22%2C%22stopped%22%3Afalse%2C%22weight%22%3A1.0%7D&serviceName=DEFAULT_GROUP%40%40gulimall-coupon&encoding=UTF-8&namespaceId=public HTTP/1.1" 200 75 3 Nacos-Java-Client:v1.1.1 -
127.0.0.1 - - [25/Feb/2022:00:17:45 +0800] "PUT /nacos/v1/ns/instance/beat?app=renren-fast&namespaceId=public&port=8080&clusterName=DEFAULT&ip=192.168.69.129&serviceName=DEFAULT_GROUP%40%40renren-fast&encoding=UTF-8 HTTP/1.1" 200 75 2 Nacos-Java-Client:v1.2.1 -
127.0.0.1 - - [25/Feb/2022:00:17:47 +0800] "GET /nacos/v1/ns/instance/list?healthyOnly=false&namespaceId=public&clientIP=192.168.69.129&serviceName=DEFAULT_GROUP%40%40renren-fast&udpPort=55365&encoding=UTF-8 HTTP/1.1" 200 566 19 Nacos-Java-Client:v1.1.1 -
127.0.0.1 - - [25/Feb/2022:00:17:48 +0800] "PUT /nacos/v1/ns/instance/beat?beat=%7B%22cluster%22%3A%22DEFAULT%22%2C%22ip%22%3A%22192.168.69.129%22%2C%22metadata%22%3A%7B%22preserved.register.source%22%3A%22SPRING_CLOUD%22%7D%2C%22period%22%3A5000%2C%22port%22%3A25000%2C%22scheduled%22%3Afalse%2C%22serviceName%22%3A%22DEFAULT_GROUP%40%40gulimall-seckill%22%2C%22stopped%22%3Afalse%2C%22weight%22%3A1.0%7D&serviceName=DEFAULT_GROUP%40%40gulimall-seckill&encoding=UTF-8&namespaceId=public HTTP/1.1" 200 75 4 Nacos-Java-Client:v1.1.1 -
127.0.0.1 - - [25/Feb/2022:00:17:48 +0800] "PUT /nacos/v1/ns/instance/beat?beat=%7B%22cluster%22%3A%22DEFAULT%22%2C%22ip%22%3A%22192.168.69.129%22%2C%22metadata%22%3A%7B%22preserved.register.source%22%3A%22SPRING_CLOUD%22%7D%2C%22period%22%3A5000%2C%22port%22%3A88%2C%22scheduled%22%3Afalse%2C%22serviceName%22%3A%22DEFAULT_GROUP%40%40gulimall-gateway%22%2C%22stopped%22%3Afalse%2C%22weight%22%3A1.0%7D&serviceName=DEFAULT_GROUP%40%40gulimall-gateway&encoding=UTF-8&namespaceId=public HTTP/1.1" 200 75 3 Nacos-Java-Client:v1.1.1 -
127.0.0.1 - - [25/Feb/2022:00:17:50 +0800] "PUT /nacos/v1/ns/instance/beat?beat=%7B%22cluster%22%3A%22DEFAULT%22%2C%22ip%22%3A%22192.168.69.129%22%2C%22metadata%22%3A%7B%22preserved.register.source%22%3A%22SPRING_CLOUD%22%7D%2C%22period%22%3A5000%2C%22port%22%3A7000%2C%22scheduled%22%3Afalse%2C%22serviceName%22%3A%22DEFAULT_GROUP%40%40gulimall-coupon%22%2C%22stopped%22%3Afalse%2C%22weight%22%3A1.0%7D&serviceName=DEFAULT_GROUP%40%40gulimall-coupon&encoding=UTF-8&namespaceId=public HTTP/1.1" 200 75 4 Nacos-Java-Client:v1.1.1 -
127.0.0.1 - - [25/Feb/2022:00:17:50 +0800] "PUT /nacos/v1/ns/instance/beat?app=renren-fast&namespaceId=public&port=8080&clusterName=DEFAULT&ip=192.168.69.129&serviceName=DEFAULT_GROUP%40%40renren-fast&encoding=UTF-8 HTTP/1.1" 200 75 3 Nacos-Java-Client:v1.2.1 -
127.0.0.1 - - [25/Feb/2022:00:17:51 +0800] "DELETE /nacos/v1/ns/instance?namespaceId=public&port=25000&clusterName=DEFAULT&ip=192.168.69.129&ephemeral=true&serviceName=DEFAULT_GROUP%40%40gulimall-seckill&encoding=UTF-8 HTTP/1.1" 200 2 6 Nacos-Java-Client:v1.1.1 -
0:0:0:0:0:0:0:1 - - [25/Feb/2022:00:17:52 +0800] "GET /nacos/v1/cs/configs?dataId=&group=&appName=&config_tags=&pageNo=1&pageSize=10&tenant=ad9e58f0-7c90-45eb-804d-1f3b5cb7e03e&search=accurate&accessToken=eyJhbGciOiJIUzI1NiJ9.eyJzdWIiOiJuYWNvcyIsImV4cCI6MTY0MTEyNDk2NH0.ykAq8WMVtQjCK8b9TbA5C0Ep3tQRLyWX-Ru7hnpCihM HTTP/1.1" 200 6236 22 Mozilla/5.0 (Windows NT 10.0; Win64; x64) AppleWebKit/537.36 (KHTML, like Gecko) Chrome/98.0.4758.102 Safari/537.36 -
127.0.0.1 - - [25/Feb/2022:00:17:53 +0800] "PUT /nacos/v1/ns/instance/beat?beat=%7B%22cluster%22%3A%22DEFAULT%22%2C%22ip%22%3A%22192.168.69.129%22%2C%22metadata%22%3A%7B%22preserved.register.source%22%3A%22SPRING_CLOUD%22%7D%2C%22period%22%3A5000%2C%22port%22%3A88%2C%22scheduled%22%3Afalse%2C%22serviceName%22%3A%22DEFAULT_GROUP%40%40gulimall-gateway%22%2C%22stopped%22%3Afalse%2C%22weight%22%3A1.0%7D&serviceName=DEFAULT_GROUP%40%40gulimall-gateway&encoding=UTF-8&namespaceId=public HTTP/1.1" 200 75 4 Nacos-Java-Client:v1.1.1 -
0:0:0:0:0:0:0:1 - - [25/Feb/2022:00:17:54 +0800] "GET /nacos/v1/cs/configs?dataId=product.yml&group=dev&namespaceId=ad9e58f0-7c90-45eb-804d-1f3b5cb7e03e&tenant=ad9e58f0-7c90-45eb-804d-1f3b5cb7e03e&beta=true&accessToken=eyJhbGciOiJIUzI1NiJ9.eyJzdWIiOiJuYWNvcyIsImV4cCI6MTY0MTEyNDk2NH0.ykAq8WMVtQjCK8b9TbA5C0Ep3tQRLyWX-Ru7hnpCihM HTTP/1.1" 200 60 4 Mozilla/5.0 (Windows NT 10.0; Win64; x64) AppleWebKit/537.36 (KHTML, like Gecko) Chrome/98.0.4758.102 Safari/537.36 -
0:0:0:0:0:0:0:1 - - [25/Feb/2022:00:17:54 +0800] "GET /nacos/v1/cs/configs?dataId=product.yml&group=dev&namespaceId=ad9e58f0-7c90-45eb-804d-1f3b5cb7e03e&tenant=ad9e58f0-7c90-45eb-804d-1f3b5cb7e03e&show=all&accessToken=eyJhbGciOiJIUzI1NiJ9.eyJzdWIiOiJuYWNvcyIsImV4cCI6MTY0MTEyNDk2NH0.ykAq8WMVtQjCK8b9TbA5C0Ep3tQRLyWX-Ru7hnpCihM HTTP/1.1" 200 4151 5 Mozilla/5.0 (Windows NT 10.0; Win64; x64) AppleWebKit/537.36 (KHTML, like Gecko) Chrome/98.0.4758.102 Safari/537.36 -
192.168.69.129 - - [25/Feb/2022:00:17:54 +0800] "GET /nacos/v1/cs/communication/configWatchers?&dataId=product.yml&tenant=ad9e58f0-7c90-45eb-804d-1f3b5cb7e03e&group=dev HTTP/1.1" 200 41 244 Java/1.8.0_271 -
0:0:0:0:0:0:0:1 - - [25/Feb/2022:00:17:54 +0800] "GET /nacos/v1/cs/configs/listener?dataId=product.yml&group=dev&namespaceId=ad9e58f0-7c90-45eb-804d-1f3b5cb7e03e&tenant=ad9e58f0-7c90-45eb-804d-1f3b5cb7e03e&accessToken=eyJhbGciOiJIUzI1NiJ9.eyJzdWIiOiJuYWNvcyIsImV4cCI6MTY0MTEyNDk2NH0.ykAq8WMVtQjCK8b9TbA5C0Ep3tQRLyWX-Ru7hnpCihM HTTP/1.1" 200 61 258 Mozilla/5.0 (Windows NT 10.0; Win64; x64) AppleWebKit/537.36 (KHTML, like Gecko) Chrome/98.0.4758.102 Safari/537.36 -
127.0.0.1 - - [25/Feb/2022:00:17:54 +0800] "POST /nacos/v1/cs/configs/listener HTTP/1.1" 200 - 29520 Java/1.8.0_271 -
127.0.0.1 - - [25/Feb/2022:00:17:55 +0800] "PUT /nacos/v1/ns/instance/beat?app=renren-fast&namespaceId=public&port=8080&clusterName=DEFAULT&ip=192.168.69.129&serviceName=DEFAULT_GROUP%40%40renren-fast&encoding=UTF-8 HTTP/1.1" 200 75 4 Nacos-Java-Client:v1.2.1 -
127.0.0.1 - - [25/Feb/2022:00:17:55 +0800] "PUT /nacos/v1/ns/instance/beat?beat=%7B%22cluster%22%3A%22DEFAULT%22%2C%22ip%22%3A%22192.168.69.129%22%2C%22metadata%22%3A%7B%22preserved.register.source%22%3A%22SPRING_CLOUD%22%7D%2C%22period%22%3A5000%2C%22port%22%3A7000%2C%22scheduled%22%3Afalse%2C%22serviceName%22%3A%22DEFAULT_GROUP%40%40gulimall-coupon%22%2C%22stopped%22%3Afalse%2C%22weight%22%3A1.0%7D&serviceName=DEFAULT_GROUP%40%40gulimall-coupon&encoding=UTF-8&namespaceId=public HTTP/1.1" 200 75 6 Nacos-Java-Client:v1.1.1 -
127.0.0.1 - - [25/Feb/2022:00:17:57 +0800] "GET /nacos/v1/ns/instance/list?healthyOnly=false&namespaceId=public&clientIP=192.168.69.129&serviceName=DEFAULT_GROUP%40%40renren-fast&udpPort=55365&encoding=UTF-8 HTTP/1.1" 200 566 2 Nacos-Java-Client:v1.1.1 -
127.0.0.1 - - [25/Feb/2022:00:17:58 +0800] "PUT /nacos/v1/ns/instance/beat?beat=%7B%22cluster%22%3A%22DEFAULT%22%2C%22ip%22%3A%22192.168.69.129%22%2C%22metadata%22%3A%7B%22preserved.register.source%22%3A%22SPRING_CLOUD%22%7D%2C%22period%22%3A5000%2C%22port%22%3A88%2C%22scheduled%22%3Afalse%2C%22serviceName%22%3A%22DEFAULT_GROUP%40%40gulimall-gateway%22%2C%22stopped%22%3Afalse%2C%22weight%22%3A1.0%7D&serviceName=DEFAULT_GROUP%40%40gulimall-gateway&encoding=UTF-8&namespaceId=public HTTP/1.1" 200 75 3 Nacos-Java-Client:v1.1.1 -
127.0.0.1 - - [25/Feb/2022:00:18:00 +0800] "PUT /nacos/v1/ns/instance/beat?app=renren-fast&namespaceId=public&port=8080&clusterName=DEFAULT&ip=192.168.69.129&serviceName=DEFAULT_GROUP%40%40renren-fast&encoding=UTF-8 HTTP/1.1" 200 75 4 Nacos-Java-Client:v1.2.1 -
127.0.0.1 - - [25/Feb/2022:00:18:00 +0800] "PUT /nacos/v1/ns/instance/beat?beat=%7B%22cluster%22%3A%22DEFAULT%22%2C%22ip%22%3A%22192.168.69.129%22%2C%22metadata%22%3A%7B%22preserved.register.source%22%3A%22SPRING_CLOUD%22%7D%2C%22period%22%3A5000%2C%22port%22%3A7000%2C%22scheduled%22%3Afalse%2C%22serviceName%22%3A%22DEFAULT_GROUP%40%40gulimall-coupon%22%2C%22stopped%22%3Afalse%2C%22weight%22%3A1.0%7D&serviceName=DEFAULT_GROUP%40%40gulimall-coupon&encoding=UTF-8&namespaceId=public HTTP/1.1" 200 75 4 Nacos-Java-Client:v1.1.1 -
127.0.0.1 - - [25/Feb/2022:00:18:02 +0800] "POST /nacos/v1/cs/configs/listener HTTP/1.1" 200 - 29507 Java/1.8.0_271 -
127.0.0.1 - - [25/Feb/2022:00:18:03 +0800] "PUT /nacos/v1/ns/instance/beat?beat=%7B%22cluster%22%3A%22DEFAULT%22%2C%22ip%22%3A%22192.168.69.129%22%2C%22metadata%22%3A%7B%22preserved.register.source%22%3A%22SPRING_CLOUD%22%7D%2C%22period%22%3A5000%2C%22port%22%3A88%2C%22scheduled%22%3Afalse%2C%22serviceName%22%3A%22DEFAULT_GROUP%40%40gulimall-gateway%22%2C%22stopped%22%3Afalse%2C%22weight%22%3A1.0%7D&serviceName=DEFAULT_GROUP%40%40gulimall-gateway&encoding=UTF-8&namespaceId=public HTTP/1.1" 200 75 3 Nacos-Java-Client:v1.1.1 -
127.0.0.1 - - [25/Feb/2022:00:18:05 +0800] "PUT /nacos/v1/ns/instance/beat?app=renren-fast&namespaceId=public&port=8080&clusterName=DEFAULT&ip=192.168.69.129&serviceName=DEFAULT_GROUP%40%40renren-fast&encoding=UTF-8 HTTP/1.1" 200 75 2 Nacos-Java-Client:v1.2.1 -
127.0.0.1 - - [25/Feb/2022:00:18:05 +0800] "PUT /nacos/v1/ns/instance/beat?beat=%7B%22cluster%22%3A%22DEFAULT%22%2C%22ip%22%3A%22192.168.69.129%22%2C%22metadata%22%3A%7B%22preserved.register.source%22%3A%22SPRING_CLOUD%22%7D%2C%22period%22%3A5000%2C%22port%22%3A7000%2C%22scheduled%22%3Afalse%2C%22serviceName%22%3A%22DEFAULT_GROUP%40%40gulimall-coupon%22%2C%22stopped%22%3Afalse%2C%22weight%22%3A1.0%7D&serviceName=DEFAULT_GROUP%40%40gulimall-coupon&encoding=UTF-8&namespaceId=public HTTP/1.1" 200 75 3 Nacos-Java-Client:v1.1.1 -
0:0:0:0:0:0:0:1 - - [25/Feb/2022:00:18:06 +0800] "GET /nacos/v1/cs/configs?dataId=&group=&appName=&config_tags=&pageNo=1&pageSize=10&tenant=ad9e58f0-7c90-45eb-804d-1f3b5cb7e03e&search=accurate&accessToken=eyJhbGciOiJIUzI1NiJ9.eyJzdWIiOiJuYWNvcyIsImV4cCI6MTY0MTEyNDk2NH0.ykAq8WMVtQjCK8b9TbA5C0Ep3tQRLyWX-Ru7hnpCihM HTTP/1.1" 200 6236 11 Mozilla/5.0 (Windows NT 10.0; Win64; x64) AppleWebKit/537.36 (KHTML, like Gecko) Chrome/98.0.4758.102 Safari/537.36 -
127.0.0.1 - - [25/Feb/2022:00:18:07 +0800] "GET /nacos/v1/ns/instance/list?healthyOnly=false&namespaceId=public&clientIP=192.168.69.129&serviceName=DEFAULT_GROUP%40%40renren-fast&udpPort=55365&encoding=UTF-8 HTTP/1.1" 200 566 3 Nacos-Java-Client:v1.1.1 -
127.0.0.1 - - [25/Feb/2022:00:18:08 +0800] "PUT /nacos/v1/ns/instance/beat?beat=%7B%22cluster%22%3A%22DEFAULT%22%2C%22ip%22%3A%22192.168.69.129%22%2C%22metadata%22%3A%7B%22preserved.register.source%22%3A%22SPRING_CLOUD%22%7D%2C%22period%22%3A5000%2C%22port%22%3A88%2C%22scheduled%22%3Afalse%2C%22serviceName%22%3A%22DEFAULT_GROUP%40%40gulimall-gateway%22%2C%22stopped%22%3Afalse%2C%22weight%22%3A1.0%7D&serviceName=DEFAULT_GROUP%40%40gulimall-gateway&encoding=UTF-8&namespaceId=public HTTP/1.1" 200 75 4 Nacos-Java-Client:v1.1.1 -
127.0.0.1 - - [25/Feb/2022:00:18:10 +0800] "PUT /nacos/v1/ns/instance/beat?app=renren-fast&namespaceId=public&port=8080&clusterName=DEFAULT&ip=192.168.69.129&serviceName=DEFAULT_GROUP%40%40renren-fast&encoding=UTF-8 HTTP/1.1" 200 75 4 Nacos-Java-Client:v1.2.1 -
127.0.0.1 - - [25/Feb/2022:00:18:10 +0800] "PUT /nacos/v1/ns/instance/beat?beat=%7B%22cluster%22%3A%22DEFAULT%22%2C%22ip%22%3A%22192.168.69.129%22%2C%22metadata%22%3A%7B%22preserved.register.source%22%3A%22SPRING_CLOUD%22%7D%2C%22period%22%3A5000%2C%22port%22%3A7000%2C%22scheduled%22%3Afalse%2C%22serviceName%22%3A%22DEFAULT_GROUP%40%40gulimall-coupon%22%2C%22stopped%22%3Afalse%2C%22weight%22%3A1.0%7D&serviceName=DEFAULT_GROUP%40%40gulimall-coupon&encoding=UTF-8&namespaceId=public HTTP/1.1" 200 75 3 Nacos-Java-Client:v1.1.1 -
0:0:0:0:0:0:0:1 - - [25/Feb/2022:00:18:12 +0800] "GET /nacos/v1/cs/configs?dataId=product.yml&group=dev&namespaceId=ad9e58f0-7c90-45eb-804d-1f3b5cb7e03e&tenant=ad9e58f0-7c90-45eb-804d-1f3b5cb7e03e&beta=true&accessToken=eyJhbGciOiJIUzI1NiJ9.eyJzdWIiOiJuYWNvcyIsImV4cCI6MTY0MTEyNDk2NH0.ykAq8WMVtQjCK8b9TbA5C0Ep3tQRLyWX-Ru7hnpCihM HTTP/1.1" 200 60 5 Mozilla/5.0 (Windows NT 10.0; Win64; x64) AppleWebKit/537.36 (KHTML, like Gecko) Chrome/98.0.4758.102 Safari/537.36 -
0:0:0:0:0:0:0:1 - - [25/Feb/2022:00:18:12 +0800] "GET /nacos/v1/cs/configs?dataId=product.yml&group=dev&namespaceId=ad9e58f0-7c90-45eb-804d-1f3b5cb7e03e&tenant=ad9e58f0-7c90-45eb-804d-1f3b5cb7e03e&show=all&accessToken=eyJhbGciOiJIUzI1NiJ9.eyJzdWIiOiJuYWNvcyIsImV4cCI6MTY0MTEyNDk2NH0.ykAq8WMVtQjCK8b9TbA5C0Ep3tQRLyWX-Ru7hnpCihM HTTP/1.1" 200 4151 6 Mozilla/5.0 (Windows NT 10.0; Win64; x64) AppleWebKit/537.36 (KHTML, like Gecko) Chrome/98.0.4758.102 Safari/537.36 -
192.168.69.129 - - [25/Feb/2022:00:18:12 +0800] "GET /nacos/v1/cs/communication/configWatchers?&dataId=product.yml&tenant=ad9e58f0-7c90-45eb-804d-1f3b5cb7e03e&group=dev HTTP/1.1" 200 41 215 Java/1.8.0_271 -
0:0:0:0:0:0:0:1 - - [25/Feb/2022:00:18:12 +0800] "GET /nacos/v1/cs/configs/listener?dataId=product.yml&group=dev&namespaceId=ad9e58f0-7c90-45eb-804d-1f3b5cb7e03e&tenant=ad9e58f0-7c90-45eb-804d-1f3b5cb7e03e&accessToken=eyJhbGciOiJIUzI1NiJ9.eyJzdWIiOiJuYWNvcyIsImV4cCI6MTY0MTEyNDk2NH0.ykAq8WMVtQjCK8b9TbA5C0Ep3tQRLyWX-Ru7hnpCihM HTTP/1.1" 200 61 243 Mozilla/5.0 (Windows NT 10.0; Win64; x64) AppleWebKit/537.36 (KHTML, like Gecko) Chrome/98.0.4758.102 Safari/537.36 -
127.0.0.1 - - [25/Feb/2022:00:18:13 +0800] "PUT /nacos/v1/ns/instance/beat?beat=%7B%22cluster%22%3A%22DEFAULT%22%2C%22ip%22%3A%22192.168.69.129%22%2C%22metadata%22%3A%7B%22preserved.register.source%22%3A%22SPRING_CLOUD%22%7D%2C%22period%22%3A5000%2C%22port%22%3A88%2C%22scheduled%22%3Afalse%2C%22serviceName%22%3A%22DEFAULT_GROUP%40%40gulimall-gateway%22%2C%22stopped%22%3Afalse%2C%22weight%22%3A1.0%7D&serviceName=DEFAULT_GROUP%40%40gulimall-gateway&encoding=UTF-8&namespaceId=public HTTP/1.1" 200 75 4 Nacos-Java-Client:v1.1.1 -
0:0:0:0:0:0:0:1 - - [25/Feb/2022:00:18:14 +0800] "GET /nacos/v1/cs/configs?dataId=&group=&appName=&config_tags=&pageNo=1&pageSize=10&tenant=ad9e58f0-7c90-45eb-804d-1f3b5cb7e03e&search=accurate&accessToken=eyJhbGciOiJIUzI1NiJ9.eyJzdWIiOiJuYWNvcyIsImV4cCI6MTY0MTEyNDk2NH0.ykAq8WMVtQjCK8b9TbA5C0Ep3tQRLyWX-Ru7hnpCihM HTTP/1.1" 200 6236 12 Mozilla/5.0 (Windows NT 10.0; Win64; x64) AppleWebKit/537.36 (KHTML, like Gecko) Chrome/98.0.4758.102 Safari/537.36 -
127.0.0.1 - - [25/Feb/2022:00:18:15 +0800] "PUT /nacos/v1/ns/instance/beat?app=renren-fast&namespaceId=public&port=8080&clusterName=DEFAULT&ip=192.168.69.129&serviceName=DEFAULT_GROUP%40%40renren-fast&encoding=UTF-8 HTTP/1.1" 200 75 3 Nacos-Java-Client:v1.2.1 -
127.0.0.1 - - [25/Feb/2022:00:18:15 +0800] "PUT /nacos/v1/ns/instance/beat?beat=%7B%22cluster%22%3A%22DEFAULT%22%2C%22ip%22%3A%22192.168.69.129%22%2C%22metadata%22%3A%7B%22preserved.register.source%22%3A%22SPRING_CLOUD%22%7D%2C%22period%22%3A5000%2C%22port%22%3A7000%2C%22scheduled%22%3Afalse%2C%22serviceName%22%3A%22DEFAULT_GROUP%40%40gulimall-coupon%22%2C%22stopped%22%3Afalse%2C%22weight%22%3A1.0%7D&serviceName=DEFAULT_GROUP%40%40gulimall-coupon&encoding=UTF-8&namespaceId=public HTTP/1.1" 200 75 5 Nacos-Java-Client:v1.1.1 -
127.0.0.1 - - [25/Feb/2022:00:18:17 +0800] "GET /nacos/v1/ns/instance/list?healthyOnly=false&namespaceId=public&clientIP=192.168.69.129&serviceName=DEFAULT_GROUP%40%40renren-fast&udpPort=55365&encoding=UTF-8 HTTP/1.1" 200 566 5 Nacos-Java-Client:v1.1.1 -
127.0.0.1 - - [25/Feb/2022:00:18:18 +0800] "PUT /nacos/v1/ns/instance/beat?beat=%7B%22cluster%22%3A%22DEFAULT%22%2C%22ip%22%3A%22192.168.69.129%22%2C%22metadata%22%3A%7B%22preserved.register.source%22%3A%22SPRING_CLOUD%22%7D%2C%22period%22%3A5000%2C%22port%22%3A88%2C%22scheduled%22%3Afalse%2C%22serviceName%22%3A%22DEFAULT_GROUP%40%40gulimall-gateway%22%2C%22stopped%22%3Afalse%2C%22weight%22%3A1.0%7D&serviceName=DEFAULT_GROUP%40%40gulimall-gateway&encoding=UTF-8&namespaceId=public HTTP/1.1" 200 75 1 Nacos-Java-Client:v1.1.1 -
127.0.0.1 - - [25/Feb/2022:00:18:20 +0800] "PUT /nacos/v1/ns/instance/beat?app=renren-fast&namespaceId=public&port=8080&clusterName=DEFAULT&ip=192.168.69.129&serviceName=DEFAULT_GROUP%40%40renren-fast&encoding=UTF-8 HTTP/1.1" 200 75 2 Nacos-Java-Client:v1.2.1 -
127.0.0.1 - - [25/Feb/2022:00:18:20 +0800] "PUT /nacos/v1/ns/instance/beat?beat=%7B%22cluster%22%3A%22DEFAULT%22%2C%22ip%22%3A%22192.168.69.129%22%2C%22metadata%22%3A%7B%22preserved.register.source%22%3A%22SPRING_CLOUD%22%7D%2C%22period%22%3A5000%2C%22port%22%3A7000%2C%22scheduled%22%3Afalse%2C%22serviceName%22%3A%22DEFAULT_GROUP%40%40gulimall-coupon%22%2C%22stopped%22%3Afalse%2C%22weight%22%3A1.0%7D&serviceName=DEFAULT_GROUP%40%40gulimall-coupon&encoding=UTF-8&namespaceId=public HTTP/1.1" 200 75 2 Nacos-Java-Client:v1.1.1 -
127.0.0.1 - - [25/Feb/2022:00:18:23 +0800] "PUT /nacos/v1/ns/instance/beat?beat=%7B%22cluster%22%3A%22DEFAULT%22%2C%22ip%22%3A%22192.168.69.129%22%2C%22metadata%22%3A%7B%22preserved.register.source%22%3A%22SPRING_CLOUD%22%7D%2C%22period%22%3A5000%2C%22port%22%3A88%2C%22scheduled%22%3Afalse%2C%22serviceName%22%3A%22DEFAULT_GROUP%40%40gulimall-gateway%22%2C%22stopped%22%3Afalse%2C%22weight%22%3A1.0%7D&serviceName=DEFAULT_GROUP%40%40gulimall-gateway&encoding=UTF-8&namespaceId=public HTTP/1.1" 200 75 3 Nacos-Java-Client:v1.1.1 -
0:0:0:0:0:0:0:1 - - [25/Feb/2022:00:18:24 +0800] "GET /nacos/v1/cs/configs?dataId=product.yml&group=dev&namespaceId=ad9e58f0-7c90-45eb-804d-1f3b5cb7e03e&tenant=ad9e58f0-7c90-45eb-804d-1f3b5cb7e03e&beta=true&accessToken=eyJhbGciOiJIUzI1NiJ9.eyJzdWIiOiJuYWNvcyIsImV4cCI6MTY0MTEyNDk2NH0.ykAq8WMVtQjCK8b9TbA5C0Ep3tQRLyWX-Ru7hnpCihM HTTP/1.1" 200 60 3 Mozilla/5.0 (Windows NT 10.0; Win64; x64) AppleWebKit/537.36 (KHTML, like Gecko) Chrome/98.0.4758.102 Safari/537.36 -
0:0:0:0:0:0:0:1 - - [25/Feb/2022:00:18:24 +0800] "GET /nacos/v1/cs/configs?dataId=product.yml&group=dev&namespaceId=ad9e58f0-7c90-45eb-804d-1f3b5cb7e03e&tenant=ad9e58f0-7c90-45eb-804d-1f3b5cb7e03e&show=all&accessToken=eyJhbGciOiJIUzI1NiJ9.eyJzdWIiOiJuYWNvcyIsImV4cCI6MTY0MTEyNDk2NH0.ykAq8WMVtQjCK8b9TbA5C0Ep3tQRLyWX-Ru7hnpCihM HTTP/1.1" 200 4151 3 Mozilla/5.0 (Windows NT 10.0; Win64; x64) AppleWebKit/537.36 (KHTML, like Gecko) Chrome/98.0.4758.102 Safari/537.36 -
192.168.69.129 - - [25/Feb/2022:00:18:24 +0800] "GET /nacos/v1/cs/communication/configWatchers?&dataId=product.yml&tenant=ad9e58f0-7c90-45eb-804d-1f3b5cb7e03e&group=dev HTTP/1.1" 200 41 216 Java/1.8.0_271 -
0:0:0:0:0:0:0:1 - - [25/Feb/2022:00:18:24 +0800] "GET /nacos/v1/cs/configs/listener?dataId=product.yml&group=dev&namespaceId=ad9e58f0-7c90-45eb-804d-1f3b5cb7e03e&tenant=ad9e58f0-7c90-45eb-804d-1f3b5cb7e03e&accessToken=eyJhbGciOiJIUzI1NiJ9.eyJzdWIiOiJuYWNvcyIsImV4cCI6MTY0MTEyNDk2NH0.ykAq8WMVtQjCK8b9TbA5C0Ep3tQRLyWX-Ru7hnpCihM HTTP/1.1" 200 61 219 Mozilla/5.0 (Windows NT 10.0; Win64; x64) AppleWebKit/537.36 (KHTML, like Gecko) Chrome/98.0.4758.102 Safari/537.36 -
127.0.0.1 - - [25/Feb/2022:00:18:24 +0800] "POST /nacos/v1/cs/configs/listener HTTP/1.1" 200 - 29502 Java/1.8.0_271 -
127.0.0.1 - - [25/Feb/2022:00:18:25 +0800] "PUT /nacos/v1/ns/instance/beat?app=renren-fast&namespaceId=public&port=8080&clusterName=DEFAULT&ip=192.168.69.129&serviceName=DEFAULT_GROUP%40%40renren-fast&encoding=UTF-8 HTTP/1.1" 200 75 1 Nacos-Java-Client:v1.2.1 -
127.0.0.1 - - [25/Feb/2022:00:18:25 +0800] "PUT /nacos/v1/ns/instance/beat?beat=%7B%22cluster%22%3A%22DEFAULT%22%2C%22ip%22%3A%22192.168.69.129%22%2C%22metadata%22%3A%7B%22preserved.register.source%22%3A%22SPRING_CLOUD%22%7D%2C%22period%22%3A5000%2C%22port%22%3A7000%2C%22scheduled%22%3Afalse%2C%22serviceName%22%3A%22DEFAULT_GROUP%40%40gulimall-coupon%22%2C%22stopped%22%3Afalse%2C%22weight%22%3A1.0%7D&serviceName=DEFAULT_GROUP%40%40gulimall-coupon&encoding=UTF-8&namespaceId=public HTTP/1.1" 200 75 2 Nacos-Java-Client:v1.1.1 -
0:0:0:0:0:0:0:1 - - [25/Feb/2022:00:18:27 +0800] "GET /nacos/v1/cs/configs?dataId=&group=&appName=&config_tags=&pageNo=1&pageSize=10&tenant=ad9e58f0-7c90-45eb-804d-1f3b5cb7e03e&search=accurate&accessToken=eyJhbGciOiJIUzI1NiJ9.eyJzdWIiOiJuYWNvcyIsImV4cCI6MTY0MTEyNDk2NH0.ykAq8WMVtQjCK8b9TbA5C0Ep3tQRLyWX-Ru7hnpCihM HTTP/1.1" 200 6236 6 Mozilla/5.0 (Windows NT 10.0; Win64; x64) AppleWebKit/537.36 (KHTML, like Gecko) Chrome/98.0.4758.102 Safari/537.36 -
127.0.0.1 - - [25/Feb/2022:00:18:27 +0800] "GET /nacos/v1/ns/instance/list?healthyOnly=false&namespaceId=public&clientIP=192.168.69.129&serviceName=DEFAULT_GROUP%40%40renren-fast&udpPort=55365&encoding=UTF-8 HTTP/1.1" 200 566 3 Nacos-Java-Client:v1.1.1 -
127.0.0.1 - - [25/Feb/2022:00:18:28 +0800] "POST /nacos/v1/ns/instance?groupName=DEFAULT_GROUP&metadata=%7B%22preserved.register.source%22%3A%22SPRING_CLOUD%22%7D&namespaceId=public&port=25000&enable=true&healthy=true&clusterName=DEFAULT&ip=192.168.69.129&weight=1.0&ephemeral=true&serviceName=DEFAULT_GROUP%40%40gulimall-seckill&encoding=UTF-8 HTTP/1.1" 200 2 2 Nacos-Java-Client:v1.1.1 -
127.0.0.1 - - [25/Feb/2022:00:18:28 +0800] "PUT /nacos/v1/ns/instance/beat?beat=%7B%22cluster%22%3A%22DEFAULT%22%2C%22ip%22%3A%22192.168.69.129%22%2C%22metadata%22%3A%7B%22preserved.register.source%22%3A%22SPRING_CLOUD%22%7D%2C%22period%22%3A5000%2C%22port%22%3A25000%2C%22scheduled%22%3Afalse%2C%22serviceName%22%3A%22DEFAULT_GROUP%40%40gulimall-seckill%22%2C%22stopped%22%3Afalse%2C%22weight%22%3A1.0%7D&serviceName=DEFAULT_GROUP%40%40gulimall-seckill&encoding=UTF-8&namespaceId=public HTTP/1.1" 200 75 4 Nacos-Java-Client:v1.1.1 -
127.0.0.1 - - [25/Feb/2022:00:18:28 +0800] "PUT /nacos/v1/ns/instance/beat?beat=%7B%22cluster%22%3A%22DEFAULT%22%2C%22ip%22%3A%22192.168.69.129%22%2C%22metadata%22%3A%7B%22preserved.register.source%22%3A%22SPRING_CLOUD%22%7D%2C%22period%22%3A5000%2C%22port%22%3A88%2C%22scheduled%22%3Afalse%2C%22serviceName%22%3A%22DEFAULT_GROUP%40%40gulimall-gateway%22%2C%22stopped%22%3Afalse%2C%22weight%22%3A1.0%7D&serviceName=DEFAULT_GROUP%40%40gulimall-gateway&encoding=UTF-8&namespaceId=public HTTP/1.1" 200 75 2 Nacos-Java-Client:v1.1.1 -
127.0.0.1 - - [25/Feb/2022:00:18:30 +0800] "PUT /nacos/v1/ns/instance/beat?app=renren-fast&namespaceId=public&port=8080&clusterName=DEFAULT&ip=192.168.69.129&serviceName=DEFAULT_GROUP%40%40renren-fast&encoding=UTF-8 HTTP/1.1" 200 75 2 Nacos-Java-Client:v1.2.1 -
127.0.0.1 - - [25/Feb/2022:00:18:30 +0800] "PUT /nacos/v1/ns/instance/beat?beat=%7B%22cluster%22%3A%22DEFAULT%22%2C%22ip%22%3A%22192.168.69.129%22%2C%22metadata%22%3A%7B%22preserved.register.source%22%3A%22SPRING_CLOUD%22%7D%2C%22period%22%3A5000%2C%22port%22%3A7000%2C%22scheduled%22%3Afalse%2C%22serviceName%22%3A%22DEFAULT_GROUP%40%40gulimall-coupon%22%2C%22stopped%22%3Afalse%2C%22weight%22%3A1.0%7D&serviceName=DEFAULT_GROUP%40%40gulimall-coupon&encoding=UTF-8&namespaceId=public HTTP/1.1" 200 75 4 Nacos-Java-Client:v1.1.1 -
127.0.0.1 - - [25/Feb/2022:00:18:32 +0800] "POST /nacos/v1/cs/configs/listener HTTP/1.1" 200 - 29503 Java/1.8.0_271 -
127.0.0.1 - - [25/Feb/2022:00:18:33 +0800] "PUT /nacos/v1/ns/instance/beat?beat=%7B%22cluster%22%3A%22DEFAULT%22%2C%22ip%22%3A%22192.168.69.129%22%2C%22metadata%22%3A%7B%22preserved.register.source%22%3A%22SPRING_CLOUD%22%7D%2C%22period%22%3A5000%2C%22port%22%3A25000%2C%22scheduled%22%3Afalse%2C%22serviceName%22%3A%22DEFAULT_GROUP%40%40gulimall-seckill%22%2C%22stopped%22%3Afalse%2C%22weight%22%3A1.0%7D&serviceName=DEFAULT_GROUP%40%40gulimall-seckill&encoding=UTF-8&namespaceId=public HTTP/1.1" 200 75 4 Nacos-Java-Client:v1.1.1 -
127.0.0.1 - - [25/Feb/2022:00:18:33 +0800] "PUT /nacos/v1/ns/instance/beat?beat=%7B%22cluster%22%3A%22DEFAULT%22%2C%22ip%22%3A%22192.168.69.129%22%2C%22metadata%22%3A%7B%22preserved.register.source%22%3A%22SPRING_CLOUD%22%7D%2C%22period%22%3A5000%2C%22port%22%3A88%2C%22scheduled%22%3Afalse%2C%22serviceName%22%3A%22DEFAULT_GROUP%40%40gulimall-gateway%22%2C%22stopped%22%3Afalse%2C%22weight%22%3A1.0%7D&serviceName=DEFAULT_GROUP%40%40gulimall-gateway&encoding=UTF-8&namespaceId=public HTTP/1.1" 200 75 1 Nacos-Java-Client:v1.1.1 -
127.0.0.1 - - [25/Feb/2022:00:18:35 +0800] "PUT /nacos/v1/ns/instance/beat?app=renren-fast&namespaceId=public&port=8080&clusterName=DEFAULT&ip=192.168.69.129&serviceName=DEFAULT_GROUP%40%40renren-fast&encoding=UTF-8 HTTP/1.1" 200 75 7 Nacos-Java-Client:v1.2.1 -
127.0.0.1 - - [25/Feb/2022:00:18:35 +0800] "PUT /nacos/v1/ns/instance/beat?beat=%7B%22cluster%22%3A%22DEFAULT%22%2C%22ip%22%3A%22192.168.69.129%22%2C%22metadata%22%3A%7B%22preserved.register.source%22%3A%22SPRING_CLOUD%22%7D%2C%22period%22%3A5000%2C%22port%22%3A7000%2C%22scheduled%22%3Afalse%2C%22serviceName%22%3A%22DEFAULT_GROUP%40%40gulimall-coupon%22%2C%22stopped%22%3Afalse%2C%22weight%22%3A1.0%7D&serviceName=DEFAULT_GROUP%40%40gulimall-coupon&encoding=UTF-8&namespaceId=public HTTP/1.1" 200 75 8 Nacos-Java-Client:v1.1.1 -
127.0.0.1 - - [25/Feb/2022:00:18:37 +0800] "GET /nacos/v1/ns/instance/list?healthyOnly=false&namespaceId=public&clientIP=192.168.69.129&serviceName=DEFAULT_GROUP%40%40renren-fast&udpPort=55365&encoding=UTF-8 HTTP/1.1" 200 566 5 Nacos-Java-Client:v1.1.1 -
127.0.0.1 - - [25/Feb/2022:00:18:38 +0800] "PUT /nacos/v1/ns/instance/beat?beat=%7B%22cluster%22%3A%22DEFAULT%22%2C%22ip%22%3A%22192.168.69.129%22%2C%22metadata%22%3A%7B%22preserved.register.source%22%3A%22SPRING_CLOUD%22%7D%2C%22period%22%3A5000%2C%22port%22%3A25000%2C%22scheduled%22%3Afalse%2C%22serviceName%22%3A%22DEFAULT_GROUP%40%40gulimall-seckill%22%2C%22stopped%22%3Afalse%2C%22weight%22%3A1.0%7D&serviceName=DEFAULT_GROUP%40%40gulimall-seckill&encoding=UTF-8&namespaceId=public HTTP/1.1" 200 75 2 Nacos-Java-Client:v1.1.1 -
127.0.0.1 - - [25/Feb/2022:00:18:38 +0800] "PUT /nacos/v1/ns/instance/beat?beat=%7B%22cluster%22%3A%22DEFAULT%22%2C%22ip%22%3A%22192.168.69.129%22%2C%22metadata%22%3A%7B%22preserved.register.source%22%3A%22SPRING_CLOUD%22%7D%2C%22period%22%3A5000%2C%22port%22%3A88%2C%22scheduled%22%3Afalse%2C%22serviceName%22%3A%22DEFAULT_GROUP%40%40gulimall-gateway%22%2C%22stopped%22%3Afalse%2C%22weight%22%3A1.0%7D&serviceName=DEFAULT_GROUP%40%40gulimall-gateway&encoding=UTF-8&namespaceId=public HTTP/1.1" 200 75 20 Nacos-Java-Client:v1.1.1 -
127.0.0.1 - - [25/Feb/2022:00:18:40 +0800] "PUT /nacos/v1/ns/instance/beat?app=renren-fast&namespaceId=public&port=8080&clusterName=DEFAULT&ip=192.168.69.129&serviceName=DEFAULT_GROUP%40%40renren-fast&encoding=UTF-8 HTTP/1.1" 200 75 1 Nacos-Java-Client:v1.2.1 -
127.0.0.1 - - [25/Feb/2022:00:18:40 +0800] "PUT /nacos/v1/ns/instance/beat?beat=%7B%22cluster%22%3A%22DEFAULT%22%2C%22ip%22%3A%22192.168.69.129%22%2C%22metadata%22%3A%7B%22preserved.register.source%22%3A%22SPRING_CLOUD%22%7D%2C%22period%22%3A5000%2C%22port%22%3A7000%2C%22scheduled%22%3Afalse%2C%22serviceName%22%3A%22DEFAULT_GROUP%40%40gulimall-coupon%22%2C%22stopped%22%3Afalse%2C%22weight%22%3A1.0%7D&serviceName=DEFAULT_GROUP%40%40gulimall-coupon&encoding=UTF-8&namespaceId=public HTTP/1.1" 200 75 1 Nacos-Java-Client:v1.1.1 -
127.0.0.1 - - [25/Feb/2022:00:18:43 +0800] "PUT /nacos/v1/ns/instance/beat?beat=%7B%22cluster%22%3A%22DEFAULT%22%2C%22ip%22%3A%22192.168.69.129%22%2C%22metadata%22%3A%7B%22preserved.register.source%22%3A%22SPRING_CLOUD%22%7D%2C%22period%22%3A5000%2C%22port%22%3A25000%2C%22scheduled%22%3Afalse%2C%22serviceName%22%3A%22DEFAULT_GROUP%40%40gulimall-seckill%22%2C%22stopped%22%3Afalse%2C%22weight%22%3A1.0%7D&serviceName=DEFAULT_GROUP%40%40gulimall-seckill&encoding=UTF-8&namespaceId=public HTTP/1.1" 200 75 13 Nacos-Java-Client:v1.1.1 -
127.0.0.1 - - [25/Feb/2022:00:18:43 +0800] "PUT /nacos/v1/ns/instance/beat?beat=%7B%22cluster%22%3A%22DEFAULT%22%2C%22ip%22%3A%22192.168.69.129%22%2C%22metadata%22%3A%7B%22preserved.register.source%22%3A%22SPRING_CLOUD%22%7D%2C%22period%22%3A5000%2C%22port%22%3A88%2C%22scheduled%22%3Afalse%2C%22serviceName%22%3A%22DEFAULT_GROUP%40%40gulimall-gateway%22%2C%22stopped%22%3Afalse%2C%22weight%22%3A1.0%7D&serviceName=DEFAULT_GROUP%40%40gulimall-gateway&encoding=UTF-8&namespaceId=public HTTP/1.1" 200 75 2 Nacos-Java-Client:v1.1.1 -
127.0.0.1 - - [25/Feb/2022:00:18:45 +0800] "PUT /nacos/v1/ns/instance/beat?app=renren-fast&namespaceId=public&port=8080&clusterName=DEFAULT&ip=192.168.69.129&serviceName=DEFAULT_GROUP%40%40renren-fast&encoding=UTF-8 HTTP/1.1" 200 75 1 Nacos-Java-Client:v1.2.1 -
127.0.0.1 - - [25/Feb/2022:00:18:45 +0800] "PUT /nacos/v1/ns/instance/beat?beat=%7B%22cluster%22%3A%22DEFAULT%22%2C%22ip%22%3A%22192.168.69.129%22%2C%22metadata%22%3A%7B%22preserved.register.source%22%3A%22SPRING_CLOUD%22%7D%2C%22period%22%3A5000%2C%22port%22%3A7000%2C%22scheduled%22%3Afalse%2C%22serviceName%22%3A%22DEFAULT_GROUP%40%40gulimall-coupon%22%2C%22stopped%22%3Afalse%2C%22weight%22%3A1.0%7D&serviceName=DEFAULT_GROUP%40%40gulimall-coupon&encoding=UTF-8&namespaceId=public HTTP/1.1" 200 75 1 Nacos-Java-Client:v1.1.1 -
127.0.0.1 - - [25/Feb/2022:00:18:47 +0800] "GET /nacos/v1/ns/instance/list?healthyOnly=false&namespaceId=public&clientIP=192.168.69.129&serviceName=DEFAULT_GROUP%40%40renren-fast&udpPort=55365&encoding=UTF-8 HTTP/1.1" 200 566 5 Nacos-Java-Client:v1.1.1 -
127.0.0.1 - - [25/Feb/2022:00:18:48 +0800] "PUT /nacos/v1/ns/instance/beat?beat=%7B%22cluster%22%3A%22DEFAULT%22%2C%22ip%22%3A%22192.168.69.129%22%2C%22metadata%22%3A%7B%22preserved.register.source%22%3A%22SPRING_CLOUD%22%7D%2C%22period%22%3A5000%2C%22port%22%3A25000%2C%22scheduled%22%3Afalse%2C%22serviceName%22%3A%22DEFAULT_GROUP%40%40gulimall-seckill%22%2C%22stopped%22%3Afalse%2C%22weight%22%3A1.0%7D&serviceName=DEFAULT_GROUP%40%40gulimall-seckill&encoding=UTF-8&namespaceId=public HTTP/1.1" 200 75 1 Nacos-Java-Client:v1.1.1 -
127.0.0.1 - - [25/Feb/2022:00:18:48 +0800] "PUT /nacos/v1/ns/instance/beat?beat=%7B%22cluster%22%3A%22DEFAULT%22%2C%22ip%22%3A%22192.168.69.129%22%2C%22metadata%22%3A%7B%22preserved.register.source%22%3A%22SPRING_CLOUD%22%7D%2C%22period%22%3A5000%2C%22port%22%3A88%2C%22scheduled%22%3Afalse%2C%22serviceName%22%3A%22DEFAULT_GROUP%40%40gulimall-gateway%22%2C%22stopped%22%3Afalse%2C%22weight%22%3A1.0%7D&serviceName=DEFAULT_GROUP%40%40gulimall-gateway&encoding=UTF-8&namespaceId=public HTTP/1.1" 200 75 2 Nacos-Java-Client:v1.1.1 -
127.0.0.1 - - [25/Feb/2022:00:18:49 +0800] "DELETE /nacos/v1/ns/instance?namespaceId=public&port=25000&clusterName=DEFAULT&ip=192.168.69.129&ephemeral=true&serviceName=DEFAULT_GROUP%40%40gulimall-seckill&encoding=UTF-8 HTTP/1.1" 200 2 1 Nacos-Java-Client:v1.1.1 -
127.0.0.1 - - [25/Feb/2022:00:18:50 +0800] "PUT /nacos/v1/ns/instance/beat?app=renren-fast&namespaceId=public&port=8080&clusterName=DEFAULT&ip=192.168.69.129&serviceName=DEFAULT_GROUP%40%40renren-fast&encoding=UTF-8 HTTP/1.1" 200 75 2 Nacos-Java-Client:v1.2.1 -
127.0.0.1 - - [25/Feb/2022:00:18:50 +0800] "PUT /nacos/v1/ns/instance/beat?beat=%7B%22cluster%22%3A%22DEFAULT%22%2C%22ip%22%3A%22192.168.69.129%22%2C%22metadata%22%3A%7B%22preserved.register.source%22%3A%22SPRING_CLOUD%22%7D%2C%22period%22%3A5000%2C%22port%22%3A7000%2C%22scheduled%22%3Afalse%2C%22serviceName%22%3A%22DEFAULT_GROUP%40%40gulimall-coupon%22%2C%22stopped%22%3Afalse%2C%22weight%22%3A1.0%7D&serviceName=DEFAULT_GROUP%40%40gulimall-coupon&encoding=UTF-8&namespaceId=public HTTP/1.1" 200 75 2 Nacos-Java-Client:v1.1.1 -
127.0.0.1 - - [25/Feb/2022:00:18:53 +0800] "POST /nacos/v1/cs/configs/listener HTTP/1.1" 200 - 29522 Java/1.8.0_271 -
127.0.0.1 - - [25/Feb/2022:00:18:53 +0800] "PUT /nacos/v1/ns/instance/beat?beat=%7B%22cluster%22%3A%22DEFAULT%22%2C%22ip%22%3A%22192.168.69.129%22%2C%22metadata%22%3A%7B%22preserved.register.source%22%3A%22SPRING_CLOUD%22%7D%2C%22period%22%3A5000%2C%22port%22%3A88%2C%22scheduled%22%3Afalse%2C%22serviceName%22%3A%22DEFAULT_GROUP%40%40gulimall-gateway%22%2C%22stopped%22%3Afalse%2C%22weight%22%3A1.0%7D&serviceName=DEFAULT_GROUP%40%40gulimall-gateway&encoding=UTF-8&namespaceId=public HTTP/1.1" 200 75 1 Nacos-Java-Client:v1.1.1 -
127.0.0.1 - - [25/Feb/2022:00:18:55 +0800] "PUT /nacos/v1/ns/instance/beat?app=renren-fast&namespaceId=public&port=8080&clusterName=DEFAULT&ip=192.168.69.129&serviceName=DEFAULT_GROUP%40%40renren-fast&encoding=UTF-8 HTTP/1.1" 200 75 2 Nacos-Java-Client:v1.2.1 -
127.0.0.1 - - [25/Feb/2022:00:18:55 +0800] "PUT /nacos/v1/ns/instance/beat?beat=%7B%22cluster%22%3A%22DEFAULT%22%2C%22ip%22%3A%22192.168.69.129%22%2C%22metadata%22%3A%7B%22preserved.register.source%22%3A%22SPRING_CLOUD%22%7D%2C%22period%22%3A5000%2C%22port%22%3A7000%2C%22scheduled%22%3Afalse%2C%22serviceName%22%3A%22DEFAULT_GROUP%40%40gulimall-coupon%22%2C%22stopped%22%3Afalse%2C%22weight%22%3A1.0%7D&serviceName=DEFAULT_GROUP%40%40gulimall-coupon&encoding=UTF-8&namespaceId=public HTTP/1.1" 200 75 2 Nacos-Java-Client:v1.1.1 -
0:0:0:0:0:0:0:1 - - [25/Feb/2022:00:18:56 +0800] "GET /nacos/v1/cs/configs?dataId=product.yml&group=mall&namespaceId=ad9e58f0-7c90-45eb-804d-1f3b5cb7e03e&tenant=ad9e58f0-7c90-45eb-804d-1f3b5cb7e03e&beta=true&accessToken=eyJhbGciOiJIUzI1NiJ9.eyJzdWIiOiJuYWNvcyIsImV4cCI6MTY0MTEyNDk2NH0.ykAq8WMVtQjCK8b9TbA5C0Ep3tQRLyWX-Ru7hnpCihM HTTP/1.1" 200 60 2 Mozilla/5.0 (Windows NT 10.0; Win64; x64) AppleWebKit/537.36 (KHTML, like Gecko) Chrome/98.0.4758.102 Safari/537.36 -
0:0:0:0:0:0:0:1 - - [25/Feb/2022:00:18:56 +0800] "GET /nacos/v1/cs/configs?dataId=product.yml&group=mall&namespaceId=ad9e58f0-7c90-45eb-804d-1f3b5cb7e03e&tenant=ad9e58f0-7c90-45eb-804d-1f3b5cb7e03e&show=all&accessToken=eyJhbGciOiJIUzI1NiJ9.eyJzdWIiOiJuYWNvcyIsImV4cCI6MTY0MTEyNDk2NH0.ykAq8WMVtQjCK8b9TbA5C0Ep3tQRLyWX-Ru7hnpCihM HTTP/1.1" 200 2451 2 Mozilla/5.0 (Windows NT 10.0; Win64; x64) AppleWebKit/537.36 (KHTML, like Gecko) Chrome/98.0.4758.102 Safari/537.36 -
192.168.69.129 - - [25/Feb/2022:00:18:56 +0800] "GET /nacos/v1/cs/communication/configWatchers?&dataId=product.yml&tenant=ad9e58f0-7c90-45eb-804d-1f3b5cb7e03e&group=mall HTTP/1.1" 200 41 202 Java/1.8.0_271 -
0:0:0:0:0:0:0:1 - - [25/Feb/2022:00:18:56 +0800] "GET /nacos/v1/cs/configs/listener?dataId=product.yml&group=mall&namespaceId=ad9e58f0-7c90-45eb-804d-1f3b5cb7e03e&tenant=ad9e58f0-7c90-45eb-804d-1f3b5cb7e03e&accessToken=eyJhbGciOiJIUzI1NiJ9.eyJzdWIiOiJuYWNvcyIsImV4cCI6MTY0MTEyNDk2NH0.ykAq8WMVtQjCK8b9TbA5C0Ep3tQRLyWX-Ru7hnpCihM HTTP/1.1" 200 61 204 Mozilla/5.0 (Windows NT 10.0; Win64; x64) AppleWebKit/537.36 (KHTML, like Gecko) Chrome/98.0.4758.102 Safari/537.36 -
127.0.0.1 - - [25/Feb/2022:00:18:57 +0800] "GET /nacos/v1/ns/instance/list?healthyOnly=false&namespaceId=public&clientIP=192.168.69.129&serviceName=DEFAULT_GROUP%40%40renren-fast&udpPort=55365&encoding=UTF-8 HTTP/1.1" 200 566 1 Nacos-Java-Client:v1.1.1 -
127.0.0.1 - - [25/Feb/2022:00:18:58 +0800] "PUT /nacos/v1/ns/instance/beat?beat=%7B%22cluster%22%3A%22DEFAULT%22%2C%22ip%22%3A%22192.168.69.129%22%2C%22metadata%22%3A%7B%22preserved.register.source%22%3A%22SPRING_CLOUD%22%7D%2C%22period%22%3A5000%2C%22port%22%3A88%2C%22scheduled%22%3Afalse%2C%22serviceName%22%3A%22DEFAULT_GROUP%40%40gulimall-gateway%22%2C%22stopped%22%3Afalse%2C%22weight%22%3A1.0%7D&serviceName=DEFAULT_GROUP%40%40gulimall-gateway&encoding=UTF-8&namespaceId=public HTTP/1.1" 200 75 2 Nacos-Java-Client:v1.1.1 -
127.0.0.1 - - [25/Feb/2022:00:19:00 +0800] "PUT /nacos/v1/ns/instance/beat?app=renren-fast&namespaceId=public&port=8080&clusterName=DEFAULT&ip=192.168.69.129&serviceName=DEFAULT_GROUP%40%40renren-fast&encoding=UTF-8 HTTP/1.1" 200 75 2 Nacos-Java-Client:v1.2.1 -
127.0.0.1 - - [25/Feb/2022:00:19:00 +0800] "PUT /nacos/v1/ns/instance/beat?beat=%7B%22cluster%22%3A%22DEFAULT%22%2C%22ip%22%3A%22192.168.69.129%22%2C%22metadata%22%3A%7B%22preserved.register.source%22%3A%22SPRING_CLOUD%22%7D%2C%22period%22%3A5000%2C%22port%22%3A7000%2C%22scheduled%22%3Afalse%2C%22serviceName%22%3A%22DEFAULT_GROUP%40%40gulimall-coupon%22%2C%22stopped%22%3Afalse%2C%22weight%22%3A1.0%7D&serviceName=DEFAULT_GROUP%40%40gulimall-coupon&encoding=UTF-8&namespaceId=public HTTP/1.1" 200 75 2 Nacos-Java-Client:v1.1.1 -
127.0.0.1 - - [25/Feb/2022:00:19:01 +0800] "POST /nacos/v1/cs/configs/listener HTTP/1.1" 200 - 29506 Java/1.8.0_271 -
127.0.0.1 - - [25/Feb/2022:00:19:03 +0800] "PUT /nacos/v1/ns/instance/beat?beat=%7B%22cluster%22%3A%22DEFAULT%22%2C%22ip%22%3A%22192.168.69.129%22%2C%22metadata%22%3A%7B%22preserved.register.source%22%3A%22SPRING_CLOUD%22%7D%2C%22period%22%3A5000%2C%22port%22%3A88%2C%22scheduled%22%3Afalse%2C%22serviceName%22%3A%22DEFAULT_GROUP%40%40gulimall-gateway%22%2C%22stopped%22%3Afalse%2C%22weight%22%3A1.0%7D&serviceName=DEFAULT_GROUP%40%40gulimall-gateway&encoding=UTF-8&namespaceId=public HTTP/1.1" 200 75 2 Nacos-Java-Client:v1.1.1 -
127.0.0.1 - - [25/Feb/2022:00:19:05 +0800] "PUT /nacos/v1/ns/instance/beat?app=renren-fast&namespaceId=public&port=8080&clusterName=DEFAULT&ip=192.168.69.129&serviceName=DEFAULT_GROUP%40%40renren-fast&encoding=UTF-8 HTTP/1.1" 200 75 1 Nacos-Java-Client:v1.2.1 -
127.0.0.1 - - [25/Feb/2022:00:19:05 +0800] "PUT /nacos/v1/ns/instance/beat?beat=%7B%22cluster%22%3A%22DEFAULT%22%2C%22ip%22%3A%22192.168.69.129%22%2C%22metadata%22%3A%7B%22preserved.register.source%22%3A%22SPRING_CLOUD%22%7D%2C%22period%22%3A5000%2C%22port%22%3A7000%2C%22scheduled%22%3Afalse%2C%22serviceName%22%3A%22DEFAULT_GROUP%40%40gulimall-coupon%22%2C%22stopped%22%3Afalse%2C%22weight%22%3A1.0%7D&serviceName=DEFAULT_GROUP%40%40gulimall-coupon&encoding=UTF-8&namespaceId=public HTTP/1.1" 200 75 2 Nacos-Java-Client:v1.1.1 -
127.0.0.1 - - [25/Feb/2022:00:19:07 +0800] "GET /nacos/v1/ns/instance/list?healthyOnly=false&namespaceId=public&clientIP=192.168.69.129&serviceName=DEFAULT_GROUP%40%40renren-fast&udpPort=55365&encoding=UTF-8 HTTP/1.1" 200 566 2 Nacos-Java-Client:v1.1.1 -
127.0.0.1 - - [25/Feb/2022:00:19:08 +0800] "PUT /nacos/v1/ns/instance/beat?beat=%7B%22cluster%22%3A%22DEFAULT%22%2C%22ip%22%3A%22192.168.69.129%22%2C%22metadata%22%3A%7B%22preserved.register.source%22%3A%22SPRING_CLOUD%22%7D%2C%22period%22%3A5000%2C%22port%22%3A88%2C%22scheduled%22%3Afalse%2C%22serviceName%22%3A%22DEFAULT_GROUP%40%40gulimall-gateway%22%2C%22stopped%22%3Afalse%2C%22weight%22%3A1.0%7D&serviceName=DEFAULT_GROUP%40%40gulimall-gateway&encoding=UTF-8&namespaceId=public HTTP/1.1" 200 75 1 Nacos-Java-Client:v1.1.1 -
127.0.0.1 - - [25/Feb/2022:00:19:10 +0800] "PUT /nacos/v1/ns/instance/beat?app=renren-fast&namespaceId=public&port=8080&clusterName=DEFAULT&ip=192.168.69.129&serviceName=DEFAULT_GROUP%40%40renren-fast&encoding=UTF-8 HTTP/1.1" 200 75 1 Nacos-Java-Client:v1.2.1 -
127.0.0.1 - - [25/Feb/2022:00:19:10 +0800] "PUT /nacos/v1/ns/instance/beat?beat=%7B%22cluster%22%3A%22DEFAULT%22%2C%22ip%22%3A%22192.168.69.129%22%2C%22metadata%22%3A%7B%22preserved.register.source%22%3A%22SPRING_CLOUD%22%7D%2C%22period%22%3A5000%2C%22port%22%3A7000%2C%22scheduled%22%3Afalse%2C%22serviceName%22%3A%22DEFAULT_GROUP%40%40gulimall-coupon%22%2C%22stopped%22%3Afalse%2C%22weight%22%3A1.0%7D&serviceName=DEFAULT_GROUP%40%40gulimall-coupon&encoding=UTF-8&namespaceId=public HTTP/1.1" 200 75 1 Nacos-Java-Client:v1.1.1 -
